Archive member included to satisfy reference by file (symbol)

/opt/st/stm32cubeide_1.19.0/plugins/com.st.stm32cube.ide.mcu.externaltools.gnu-tools-for-stm32.13.3.rel1.linux64_1.0.0.202410170706/tools/bin/../lib/gcc/arm-none-eabi/13.3.1/../../../../arm-none-eabi/lib/thumb/v7e-m+fp/hard/libc_nano.a(libc_a-exit.o)
                              /opt/st/stm32cubeide_1.19.0/plugins/com.st.stm32cube.ide.mcu.externaltools.gnu-tools-for-stm32.13.3.rel1.linux64_1.0.0.202410170706/tools/bin/../lib/gcc/arm-none-eabi/13.3.1/../../../../arm-none-eabi/lib/thumb/v7e-m+fp/hard/crt0.o (exit)
/opt/st/stm32cubeide_1.19.0/plugins/com.st.stm32cube.ide.mcu.externaltools.gnu-tools-for-stm32.13.3.rel1.linux64_1.0.0.202410170706/tools/bin/../lib/gcc/arm-none-eabi/13.3.1/../../../../arm-none-eabi/lib/thumb/v7e-m+fp/hard/libc_nano.a(libc_a-findfp.o)
                              /opt/st/stm32cubeide_1.19.0/plugins/com.st.stm32cube.ide.mcu.externaltools.gnu-tools-for-stm32.13.3.rel1.linux64_1.0.0.202410170706/tools/bin/../lib/gcc/arm-none-eabi/13.3.1/../../../../arm-none-eabi/lib/thumb/v7e-m+fp/hard/libc_nano.a(libc_a-exit.o) (__stdio_exit_handler)
/opt/st/stm32cubeide_1.19.0/plugins/com.st.stm32cube.ide.mcu.externaltools.gnu-tools-for-stm32.13.3.rel1.linux64_1.0.0.202410170706/tools/bin/../lib/gcc/arm-none-eabi/13.3.1/../../../../arm-none-eabi/lib/thumb/v7e-m+fp/hard/libc_nano.a(libc_a-fwalk.o)
                              /opt/st/stm32cubeide_1.19.0/plugins/com.st.stm32cube.ide.mcu.externaltools.gnu-tools-for-stm32.13.3.rel1.linux64_1.0.0.202410170706/tools/bin/../lib/gcc/arm-none-eabi/13.3.1/../../../../arm-none-eabi/lib/thumb/v7e-m+fp/hard/libc_nano.a(libc_a-findfp.o) (_fwalk_sglue)
/opt/st/stm32cubeide_1.19.0/plugins/com.st.stm32cube.ide.mcu.externaltools.gnu-tools-for-stm32.13.3.rel1.linux64_1.0.0.202410170706/tools/bin/../lib/gcc/arm-none-eabi/13.3.1/../../../../arm-none-eabi/lib/thumb/v7e-m+fp/hard/libc_nano.a(libc_a-stdio.o)
                              /opt/st/stm32cubeide_1.19.0/plugins/com.st.stm32cube.ide.mcu.externaltools.gnu-tools-for-stm32.13.3.rel1.linux64_1.0.0.202410170706/tools/bin/../lib/gcc/arm-none-eabi/13.3.1/../../../../arm-none-eabi/lib/thumb/v7e-m+fp/hard/libc_nano.a(libc_a-findfp.o) (__sread)
/opt/st/stm32cubeide_1.19.0/plugins/com.st.stm32cube.ide.mcu.externaltools.gnu-tools-for-stm32.13.3.rel1.linux64_1.0.0.202410170706/tools/bin/../lib/gcc/arm-none-eabi/13.3.1/../../../../arm-none-eabi/lib/thumb/v7e-m+fp/hard/libc_nano.a(libc_a-memset.o)
                              /opt/st/stm32cubeide_1.19.0/plugins/com.st.stm32cube.ide.mcu.externaltools.gnu-tools-for-stm32.13.3.rel1.linux64_1.0.0.202410170706/tools/bin/../lib/gcc/arm-none-eabi/13.3.1/../../../../arm-none-eabi/lib/thumb/v7e-m+fp/hard/crt0.o (memset)
/opt/st/stm32cubeide_1.19.0/plugins/com.st.stm32cube.ide.mcu.externaltools.gnu-tools-for-stm32.13.3.rel1.linux64_1.0.0.202410170706/tools/bin/../lib/gcc/arm-none-eabi/13.3.1/../../../../arm-none-eabi/lib/thumb/v7e-m+fp/hard/libc_nano.a(libc_a-closer.o)
                              /opt/st/stm32cubeide_1.19.0/plugins/com.st.stm32cube.ide.mcu.externaltools.gnu-tools-for-stm32.13.3.rel1.linux64_1.0.0.202410170706/tools/bin/../lib/gcc/arm-none-eabi/13.3.1/../../../../arm-none-eabi/lib/thumb/v7e-m+fp/hard/libc_nano.a(libc_a-stdio.o) (_close_r)
/opt/st/stm32cubeide_1.19.0/plugins/com.st.stm32cube.ide.mcu.externaltools.gnu-tools-for-stm32.13.3.rel1.linux64_1.0.0.202410170706/tools/bin/../lib/gcc/arm-none-eabi/13.3.1/../../../../arm-none-eabi/lib/thumb/v7e-m+fp/hard/libc_nano.a(libc_a-reent.o)
                              /opt/st/stm32cubeide_1.19.0/plugins/com.st.stm32cube.ide.mcu.externaltools.gnu-tools-for-stm32.13.3.rel1.linux64_1.0.0.202410170706/tools/bin/../lib/gcc/arm-none-eabi/13.3.1/../../../../arm-none-eabi/lib/thumb/v7e-m+fp/hard/libc_nano.a(libc_a-closer.o) (errno)
/opt/st/stm32cubeide_1.19.0/plugins/com.st.stm32cube.ide.mcu.externaltools.gnu-tools-for-stm32.13.3.rel1.linux64_1.0.0.202410170706/tools/bin/../lib/gcc/arm-none-eabi/13.3.1/../../../../arm-none-eabi/lib/thumb/v7e-m+fp/hard/libc_nano.a(libc_a-impure.o)
                              /opt/st/stm32cubeide_1.19.0/plugins/com.st.stm32cube.ide.mcu.externaltools.gnu-tools-for-stm32.13.3.rel1.linux64_1.0.0.202410170706/tools/bin/../lib/gcc/arm-none-eabi/13.3.1/../../../../arm-none-eabi/lib/thumb/v7e-m+fp/hard/libc_nano.a(libc_a-reent.o) (_impure_ptr)
/opt/st/stm32cubeide_1.19.0/plugins/com.st.stm32cube.ide.mcu.externaltools.gnu-tools-for-stm32.13.3.rel1.linux64_1.0.0.202410170706/tools/bin/../lib/gcc/arm-none-eabi/13.3.1/../../../../arm-none-eabi/lib/thumb/v7e-m+fp/hard/libc_nano.a(libc_a-lseekr.o)
                              /opt/st/stm32cubeide_1.19.0/plugins/com.st.stm32cube.ide.mcu.externaltools.gnu-tools-for-stm32.13.3.rel1.linux64_1.0.0.202410170706/tools/bin/../lib/gcc/arm-none-eabi/13.3.1/../../../../arm-none-eabi/lib/thumb/v7e-m+fp/hard/libc_nano.a(libc_a-stdio.o) (_lseek_r)
[...]
Memory Configuration

Name             Origin             Length             Attributes
CCMRAM           0x10000000         0x00010000         xrw
RAM              0x20000000         0x00030000         xrw
FLASH            0x08000000         0x00200000         xr
*default*        0x00000000         0xffffffff

Linker script and memory map

LOAD /opt/st/stm32cubeide_1.19.0/plugins/com.st.stm32cube.ide.mcu.externaltools.gnu-tools-for-stm32.13.3.rel1.linux64_1.0.0.202410170706/tools/bin/../lib/gcc/arm-none-eabi/13.3.1/thumb/v7e-m+fp/hard/crti.o
LOAD /opt/st/stm32cubeide_1.19.0/plugins/com.st.stm32cube.ide.mcu.externaltools.gnu-tools-for-stm32.13.3.rel1.linux64_1.0.0.202410170706/tools/bin/../lib/gcc/arm-none-eabi/13.3.1/thumb/v7e-m+fp/hard/crtbegin.o
LOAD /opt/st/stm32cubeide_1.19.0/plugins/com.st.stm32cube.ide.mcu.externaltools.gnu-tools-for-stm32.13.3.rel1.linux64_1.0.0.202410170706/tools/bin/../lib/gcc/arm-none-eabi/13.3.1/../../../../arm-none-eabi/lib/thumb/v7e-m+fp/hard/crt0.o
LOAD ./Core/Src/audio_processing.o
LOAD ./Core/Src/led_array.o
LOAD ./Core/Src/main.o
LOAD ./Core/Src/my_main.o
LOAD ./Core/Src/stm32f4xx_hal_msp.o
LOAD ./Core/Src/stm32f4xx_it.o
LOAD ./Core/Src/syscalls.o
LOAD ./Core/Src/sysmem.o
LOAD ./Core/Src/system_stm32f4xx.o
LOAD ./Core/Src/timer.o
LOAD ./Core/Src/transmit.o
LOAD ./Core/Startup/startup_stm32f429zitx.o
LOAD ./Drivers/STM32F4xx_HAL_Driver/Src/stm32f4xx_hal.o
LOAD ./Drivers/STM32F4xx_HAL_Driver/Src/stm32f4xx_hal_cortex.o
LOAD ./Drivers/STM32F4xx_HAL_Driver/Src/stm32f4xx_hal_dma.o
LOAD ./Drivers/STM32F4xx_HAL_Driver/Src/stm32f4xx_hal_dma_ex.o
LOAD ./Drivers/STM32F4xx_HAL_Driver/Src/stm32f4xx_hal_eth.o
LOAD ./Drivers/STM32F4xx_HAL_Driver/Src/stm32f4xx_hal_exti.o
LOAD ./Drivers/STM32F4xx_HAL_Driver/Src/stm32f4xx_hal_flash.o
LOAD ./Drivers/STM32F4xx_HAL_Driver/Src/stm32f4xx_hal_flash_ex.o
LOAD ./Drivers/STM32F4xx_HAL_Driver/Src/stm32f4xx_hal_flash_ramfunc.o
LOAD ./Drivers/STM32F4xx_HAL_Driver/Src/stm32f4xx_hal_gpio.o
LOAD ./Drivers/STM32F4xx_HAL_Driver/Src/stm32f4xx_hal_i2s.o
LOAD ./Drivers/STM32F4xx_HAL_Driver/Src/stm32f4xx_hal_i2s_ex.o
LOAD ./Drivers/STM32F4xx_HAL_Driver/Src/stm32f4xx_hal_pcd.o
LOAD ./Drivers/STM32F4xx_HAL_Driver/Src/stm32f4xx_hal_pcd_ex.o
LOAD ./Drivers/STM32F4xx_HAL_Driver/Src/stm32f4xx_hal_pwr.o
LOAD ./Drivers/STM32F4xx_HAL_Driver/Src/stm32f4xx_hal_pwr_ex.o
LOAD ./Drivers/STM32F4xx_HAL_Driver/Src/stm32f4xx_hal_rcc.o
LOAD ./Drivers/STM32F4xx_HAL_Driver/Src/stm32f4xx_hal_rcc_ex.o
LOAD ./Drivers/STM32F4xx_HAL_Driver/Src/stm32f4xx_hal_tim.o
LOAD ./Drivers/STM32F4xx_HAL_Driver/Src/stm32f4xx_hal_tim_ex.o
LOAD ./Drivers/STM32F4xx_HAL_Driver/Src/stm32f4xx_hal_uart.o
LOAD ./Drivers/STM32F4xx_HAL_Driver/Src/stm32f4xx_ll_usb.o
START GROUP
LOAD /opt/st/stm32cubeide_1.19.0/plugins/com.st.stm32cube.ide.mcu.externaltools.gnu-tools-for-stm32.13.3.rel1.linux64_1.0.0.202410170706/tools/bin/../lib/gcc/arm-none-eabi/13.3.1/../../../../arm-none-eabi/lib/thumb/v7e-m+fp/hard/libstdc++_nano.a
LOAD /opt/st/stm32cubeide_1.19.0/plugins/com.st.stm32cube.ide.mcu.externaltools.gnu-tools-for-stm32.13.3.rel1.linux64_1.0.0.202410170706/tools/bin/../lib/gcc/arm-none-eabi/13.3.1/../../../../arm-none-eabi/lib/thumb/v7e-m+fp/hard/libsupc++_nano.a
END GROUP
LOAD /opt/st/stm32cubeide_1.19.0/plugins/com.st.stm32cube.ide.mcu.externaltools.gnu-tools-for-stm32.13.3.rel1.linux64_1.0.0.202410170706/tools/bin/../lib/gcc/arm-none-eabi/13.3.1/../../../../arm-none-eabi/lib/thumb/v7e-m+fp/hard/libstdc++_nano.a
LOAD /opt/st/stm32cubeide_1.19.0/plugins/com.st.stm32cube.ide.mcu.externaltools.gnu-tools-for-stm32.13.3.rel1.linux64_1.0.0.202410170706/tools/bin/../lib/gcc/arm-none-eabi/13.3.1/../../../../arm-none-eabi/lib/thumb/v7e-m+fp/hard/libm.a
LOAD /opt/st/stm32cubeide_1.19.0/plugins/com.st.stm32cube.ide.mcu.externaltools.gnu-tools-for-stm32.13.3.rel1.linux64_1.0.0.202410170706/tools/bin/../lib/gcc/arm-none-eabi/13.3.1/../../../../arm-none-eabi/lib/thumb/v7e-m+fp/hard/libc_nano.a
START GROUP
LOAD /opt/st/stm32cubeide_1.19.0/plugins/com.st.stm32cube.ide.mcu.externaltools.gnu-tools-for-stm32.13.3.rel1.linux64_1.0.0.202410170706/tools/bin/../lib/gcc/arm-none-eabi/13.3.1/thumb/v7e-m+fp/hard/libgcc.a
LOAD /opt/st/stm32cubeide_1.19.0/plugins/com.st.stm32cube.ide.mcu.externaltools.gnu-tools-for-stm32.13.3.rel1.linux64_1.0.0.202410170706/tools/bin/../lib/gcc/arm-none-eabi/13.3.1/../../../../arm-none-eabi/lib/thumb/v7e-m+fp/hard/libc_nano.a
END GROUP
START GROUP
LOAD /opt/st/stm32cubeide_1.19.0/plugins/com.st.stm32cube.ide.mcu.externaltools.gnu-tools-for-stm32.13.3.rel1.linux64_1.0.0.202410170706/tools/bin/../lib/gcc/arm-none-eabi/13.3.1/thumb/v7e-m+fp/hard/libgcc.a
LOAD /opt/st/stm32cubeide_1.19.0/plugins/com.st.stm32cube.ide.mcu.externaltools.gnu-tools-for-stm32.13.3.rel1.linux64_1.0.0.202410170706/tools/bin/../lib/gcc/arm-none-eabi/13.3.1/../../../../arm-none-eabi/lib/thumb/v7e-m+fp/hard/libc_nano.a
LOAD /opt/st/stm32cubeide_1.19.0/plugins/com.st.stm32cube.ide.mcu.externaltools.gnu-tools-for-stm32.13.3.rel1.linux64_1.0.0.202410170706/tools/bin/../lib/gcc/arm-none-eabi/13.3.1/../../../../arm-none-eabi/lib/thumb/v7e-m+fp/hard/libnosys.a
END GROUP
START GROUP
LOAD /opt/st/stm32cubeide_1.19.0/plugins/com.st.stm32cube.ide.mcu.externaltools.gnu-tools-for-stm32.13.3.rel1.linux64_1.0.0.202410170706/tools/bin/../lib/gcc/arm-none-eabi/13.3.1/thumb/v7e-m+fp/hard/libgcc.a
LOAD /opt/st/stm32cubeide_1.19.0/plugins/com.st.stm32cube.ide.mcu.externaltools.gnu-tools-for-stm32.13.3.rel1.linux64_1.0.0.202410170706/tools/bin/../lib/gcc/arm-none-eabi/13.3.1/../../../../arm-none-eabi/lib/thumb/v7e-m+fp/hard/libc_nano.a
LOAD /opt/st/stm32cubeide_1.19.0/plugins/com.st.stm32cube.ide.mcu.externaltools.gnu-tools-for-stm32.13.3.rel1.linux64_1.0.0.202410170706/tools/bin/../lib/gcc/arm-none-eabi/13.3.1/../../../../arm-none-eabi/lib/thumb/v7e-m+fp/hard/libnosys.a
END GROUP
LOAD /opt/st/stm32cubeide_1.19.0/plugins/com.st.stm32cube.ide.mcu.externaltools.gnu-tools-for-stm32.13.3.rel1.linux64_1.0.0.202410170706/tools/bin/../lib/gcc/arm-none-eabi/13.3.1/thumb/v7e-m+fp/hard/crtend.o
LOAD /opt/st/stm32cubeide_1.19.0/plugins/com.st.stm32cube.ide.mcu.externaltools.gnu-tools-for-stm32.13.3.rel1.linux64_1.0.0.202410170706/tools/bin/../lib/gcc/arm-none-eabi/13.3.1/thumb/v7e-m+fp/hard/crtn.o
                0x20030000                        _estack = (ORIGIN (RAM) + LENGTH (RAM))
                0x00000200                        _Min_Heap_Size = 0x200
                0x00000400                        _Min_Stack_Size = 0x400

.isr_vector     0x08000000      0x1ac
                0x08000000                        . = ALIGN (0x4)
 *(.isr_vector)
 .isr_vector    0x08000000      0x1ac ./Core/Startup/startup_stm32f429zitx.o
                0x08000000                g_pfnVectors
                0x080001ac                        . = ALIGN (0x4)

.text           0x080001ac     0x54a0
                0x080001ac                        . = ALIGN (0x4)
 *(.text)
 .text          0x080001ac       0x40 /opt/st/stm32cubeide_1.19.0/plugins/com.st.stm32cube.ide.mcu.externaltools.gnu-tools-for-stm32.13.3.rel1.linux64_1.0.0.202410170706/tools/bin/../lib/gcc/arm-none-eabi/13.3.1/thumb/v7e-m+fp/hard/crtbegin.o
 .text          0x080001ec       0x30 /opt/st/stm32cubeide_1.19.0/plugins/com.st.stm32cube.ide.mcu.externaltools.gnu-tools-for-stm32.13.3.rel1.linux64_1.0.0.202410170706/tools/bin/../lib/gcc/arm-none-eabi/13.3.1/thumb/v7e-m+fp/hard/libgcc.a(_aeabi_uldivmod.o)
                0x080001ec                __aeabi_uldivmod
 .text          0x0800021c      0x2f8 /opt/st/stm32cubeide_1.19.0/plugins/com.st.stm32cube.ide.mcu.externaltools.gnu-tools-for-stm32.13.3.rel1.linux64_1.0.0.202410170706/tools/bin/../lib/gcc/arm-none-eabi/13.3.1/thumb/v7e-m+fp/hard/libgcc.a(_udivmoddi4.o)
                0x0800021c                __udivmoddi4
 .text          0x08000514        0x4 /opt/st/stm32cubeide_1.19.0/plugins/com.st.stm32cube.ide.mcu.externaltools.gnu-tools-for-stm32.13.3.rel1.linux64_1.0.0.202410170706/tools/bin/../lib/gcc/arm-none-eabi/13.3.1/thumb/v7e-m+fp/hard/libgcc.a(_dvmd_tls.o)
                0x08000514                __aeabi_ldiv0
                0x08000514                __aeabi_idiv0
 *(.text*)
 .text.HAL_I2S_RxHalfCpltCallback
                0x08000518       0x6c ./Core/Src/audio_processing.o
                0x08000518                HAL_I2S_RxHalfCpltCallback
 .text.audioProcessingLeft
                0x08000584       0x58 ./Core/Src/audio_processing.o
                0x08000584                audioProcessingLeft
 .text.HAL_I2S_RxCpltCallback
                0x080005dc       0x70 ./Core/Src/audio_processing.o
                0x080005dc                HAL_I2S_RxCpltCallback
 .text.audioProcessingRight
                0x0800064c       0x5c ./Core/Src/audio_processing.o
                0x0800064c                audioProcessingRight
 .text.led_func
                0x080006a8       0x80 ./Core/Src/led_array.o
                0x080006a8                led_func
 .text.main     0x08000728       0x80 ./Core/Src/main.o
                0x08000728                main
 .text.SystemClock_Config
                0x080007a8       0xd4 ./Core/Src/main.o
                0x080007a8                SystemClock_Config
 .text.MX_ETH_Init
                0x0800087c       0x9c ./Core/Src/main.o
 .text.MX_I2S3_Init
                0x08000918       0x5c ./Core/Src/main.o
 .text.MX_TIM4_Init
                0x08000974       0x9c ./Core/Src/main.o
 .text.MX_USART3_UART_Init
                0x08000a10       0x54 ./Core/Src/main.o
 .text.MX_USB_OTG_FS_PCD_Init
                0x08000a64       0x5c ./Core/Src/main.o
 .text.MX_DMA_Init
                0x08000ac0       0x40 ./Core/Src/main.o
 .text.MX_GPIO_Init
                0x08000b00      0x230 ./Core/Src/main.o
 .text.HAL_GPIO_EXTI_Callback
                0x08000d30       0x48 ./Core/Src/main.o
                0x08000d30                HAL_GPIO_EXTI_Callback
 .text.Error_Handler
                0x08000d78        0xc ./Core/Src/main.o
                0x08000d78                Error_Handler
 .text.my_main  0x08000d84       0x1c ./Core/Src/my_main.o
                0x08000d84                my_main
 .text.HAL_MspInit
                0x08000da0       0x50 ./Core/Src/stm32f4xx_hal_msp.o
                0x08000da0                HAL_MspInit
 .text.HAL_ETH_MspInit
                0x08000df0      0x18c ./Core/Src/stm32f4xx_hal_msp.o
                0x08000df0                HAL_ETH_MspInit
 .text.HAL_I2S_MspInit
                0x08000f7c      0x16c ./Core/Src/stm32f4xx_hal_msp.o
                0x08000f7c                HAL_I2S_MspInit
 .text.HAL_TIM_Base_MspInit
                0x080010e8       0x44 ./Core/Src/stm32f4xx_hal_msp.o
                0x080010e8                HAL_TIM_Base_MspInit
 .text.HAL_UART_MspInit
                0x0800112c       0x90 ./Core/Src/stm32f4xx_hal_msp.o
                0x0800112c                HAL_UART_MspInit
 .text.HAL_PCD_MspInit
                0x080011bc       0xb4 ./Core/Src/stm32f4xx_hal_msp.o
                0x080011bc                HAL_PCD_MspInit
 .text.NMI_Handler
                0x08001270        0x8 ./Core/Src/stm32f4xx_it.o
                0x08001270                NMI_Handler
 .text.HardFault_Handler
                0x08001278        0x8 ./Core/Src/stm32f4xx_it.o
                0x08001278                HardFault_Handler
 .text.MemManage_Handler
                0x08001280        0x8 ./Core/Src/stm32f4xx_it.o
                0x08001280                MemManage_Handler
 .text.BusFault_Handler
                0x08001288        0x8 ./Core/Src/stm32f4xx_it.o
                0x08001288                BusFault_Handler
 .text.UsageFault_Handler
                0x08001290        0x8 ./Core/Src/stm32f4xx_it.o
                0x08001290                UsageFault_Handler
 .text.SVC_Handler
                0x08001298        0xe ./Core/Src/stm32f4xx_it.o
                0x08001298                SVC_Handler
 .text.DebugMon_Handler
                0x080012a6        0xe ./Core/Src/stm32f4xx_it.o
                0x080012a6                DebugMon_Handler
 .text.PendSV_Handler
                0x080012b4        0xe ./Core/Src/stm32f4xx_it.o
                0x080012b4                PendSV_Handler
 .text.SysTick_Handler
                0x080012c2        0xc ./Core/Src/stm32f4xx_it.o
                0x080012c2                SysTick_Handler
 *fill*         0x080012ce        0x2 
 .text.DMA1_Stream0_IRQHandler
                0x080012d0       0x14 ./Core/Src/stm32f4xx_it.o
                0x080012d0                DMA1_Stream0_IRQHandler
 .text.EXTI15_10_IRQHandler
                0x080012e4       0x10 ./Core/Src/stm32f4xx_it.o
                0x080012e4                EXTI15_10_IRQHandler
 .text.SystemInit
                0x080012f4       0x24 ./Core/Src/system_stm32f4xx.o
                0x080012f4                SystemInit
 .text.delayMicroseconds
                0x08001318       0x3c ./Core/Src/timer.o
                0x08001318                delayMicroseconds
 .text.transmit
                0x08001354       0x50 ./Core/Src/transmit.o
                0x08001354                transmit
 .text.sendSequence
                0x080013a4       0x76 ./Core/Src/transmit.o
                0x080013a4                sendSequence
 *fill*         0x0800141a        0x2 
 .text.Reset_Handler
                0x0800141c       0x50 ./Core/Startup/startup_stm32f429zitx.o
                0x0800141c                Reset_Handler
 .text.Default_Handler
                0x0800146c        0x2 ./Core/Startup/startup_stm32f429zitx.o
                0x0800146c                RTC_Alarm_IRQHandler
                0x0800146c                HASH_RNG_IRQHandler
                0x0800146c                EXTI2_IRQHandler
                0x0800146c                TIM8_CC_IRQHandler
                0x0800146c                UART8_IRQHandler
                0x0800146c                SPI4_IRQHandler
                0x0800146c                TIM1_CC_IRQHandler
                0x0800146c                DMA2_Stream5_IRQHandler
                0x0800146c                DMA1_Stream5_IRQHandler
                0x0800146c                PVD_IRQHandler
                0x0800146c                SDIO_IRQHandler
                0x0800146c                TAMP_STAMP_IRQHandler
                0x0800146c                CAN2_RX1_IRQHandler
                0x0800146c                EXTI3_IRQHandler
                0x0800146c                TIM8_TRG_COM_TIM14_IRQHandler
                0x0800146c                TIM1_UP_TIM10_IRQHandler
                0x0800146c                TIM8_UP_TIM13_IRQHandler
                0x0800146c                I2C3_ER_IRQHandler
                0x0800146c                EXTI0_IRQHandler
                0x0800146c                I2C2_EV_IRQHandler
                0x0800146c                DMA1_Stream2_IRQHandler
                0x0800146c                CAN1_RX0_IRQHandler
                0x0800146c                FPU_IRQHandler
                0x0800146c                OTG_HS_WKUP_IRQHandler
                0x0800146c                LTDC_ER_IRQHandler
                0x0800146c                CAN2_SCE_IRQHandler
                0x0800146c                DMA2_Stream2_IRQHandler
                0x0800146c                SPI1_IRQHandler
                0x0800146c                TIM6_DAC_IRQHandler
                0x0800146c                TIM1_BRK_TIM9_IRQHandler
                0x0800146c                DCMI_IRQHandler
                0x0800146c                CAN2_RX0_IRQHandler
                0x0800146c                DMA2_Stream3_IRQHandler
                0x0800146c                USART6_IRQHandler
                0x0800146c                USART3_IRQHandler
                0x0800146c                CAN1_RX1_IRQHandler
                0x0800146c                UART5_IRQHandler
                0x0800146c                DMA2_Stream0_IRQHandler
                0x0800146c                TIM4_IRQHandler
                0x0800146c                I2C1_EV_IRQHandler
                0x0800146c                DMA1_Stream6_IRQHandler
                0x0800146c                DMA1_Stream1_IRQHandler
                0x0800146c                UART4_IRQHandler
                0x0800146c                TIM3_IRQHandler
                0x0800146c                RCC_IRQHandler
                0x0800146c                TIM8_BRK_TIM12_IRQHandler
                0x0800146c                Default_Handler
                0x0800146c                ADC_IRQHandler
                0x0800146c                DMA1_Stream7_IRQHandler
                0x0800146c                SPI5_IRQHandler
                0x0800146c                TIM7_IRQHandler
                0x0800146c                CAN2_TX_IRQHandler
                0x0800146c                TIM5_IRQHandler
                0x0800146c                DMA2_Stream7_IRQHandler
                0x0800146c                I2C3_EV_IRQHandler
                0x0800146c                EXTI9_5_IRQHandler
                0x0800146c                RTC_WKUP_IRQHandler
                0x0800146c                LTDC_IRQHandler
                0x0800146c                ETH_WKUP_IRQHandler
                0x0800146c                SPI2_IRQHandler
                0x0800146c                OTG_HS_EP1_IN_IRQHandler
                0x0800146c                CAN1_TX_IRQHandler
                0x0800146c                EXTI4_IRQHandler
                0x0800146c                ETH_IRQHandler
                0x0800146c                OTG_HS_EP1_OUT_IRQHandler
                0x0800146c                WWDG_IRQHandler
                0x0800146c                SPI6_IRQHandler
                0x0800146c                TIM2_IRQHandler
                0x0800146c                OTG_FS_WKUP_IRQHandler
                0x0800146c                TIM1_TRG_COM_TIM11_IRQHandler
                0x0800146c                OTG_HS_IRQHandler
                0x0800146c                DMA2D_IRQHandler
                0x0800146c                EXTI1_IRQHandler
                0x0800146c                UART7_IRQHandler
                0x0800146c                USART2_IRQHandler
                0x0800146c                I2C2_ER_IRQHandler
                0x0800146c                DMA2_Stream1_IRQHandler
                0x0800146c                CAN1_SCE_IRQHandler
                0x0800146c                FLASH_IRQHandler
                0x0800146c                DMA2_Stream4_IRQHandler
                0x0800146c                USART1_IRQHandler
                0x0800146c                OTG_FS_IRQHandler
                0x0800146c                SPI3_IRQHandler
                0x0800146c                DMA1_Stream4_IRQHandler
                0x0800146c                I2C1_ER_IRQHandler
                0x0800146c                FMC_IRQHandler
                0x0800146c                DMA2_Stream6_IRQHandler
                0x0800146c                SAI1_IRQHandler
                0x0800146c                DMA1_Stream3_IRQHandler
 *fill*         0x0800146e        0x2 
 .text.HAL_Init
                0x08001470       0x44 ./Drivers/STM32F4xx_HAL_Driver/Src/stm32f4xx_hal.o
                0x08001470                HAL_Init
 .text.HAL_InitTick
                0x080014b4       0x60 ./Drivers/STM32F4xx_HAL_Driver/Src/stm32f4xx_hal.o
                0x080014b4                HAL_InitTick
 .text.HAL_IncTick
                0x08001514       0x28 ./Drivers/STM32F4xx_HAL_Driver/Src/stm32f4xx_hal.o
                0x08001514                HAL_IncTick
 .text.HAL_GetTick
                0x0800153c       0x18 ./Drivers/STM32F4xx_HAL_Driver/Src/stm32f4xx_hal.o
                0x0800153c                HAL_GetTick
 .text.HAL_Delay
                0x08001554       0x48 ./Drivers/STM32F4xx_HAL_Driver/Src/stm32f4xx_hal.o
                0x08001554                HAL_Delay
 .text.__NVIC_SetPriorityGrouping
                0x0800159c       0x48 ./Drivers/STM32F4xx_HAL_Driver/Src/stm32f4xx_hal_cortex.o
 .text.__NVIC_GetPriorityGrouping
                0x080015e4       0x1c ./Drivers/STM32F4xx_HAL_Driver/Src/stm32f4xx_hal_cortex.o
 .text.__NVIC_EnableIRQ
                0x08001600       0x3c ./Drivers/STM32F4xx_HAL_Driver/Src/stm32f4xx_hal_cortex.o
 .text.__NVIC_SetPriority
                0x0800163c       0x54 ./Drivers/STM32F4xx_HAL_Driver/Src/stm32f4xx_hal_cortex.o
 .text.NVIC_EncodePriority
                0x08001690       0x66 ./Drivers/STM32F4xx_HAL_Driver/Src/stm32f4xx_hal_cortex.o
 *fill*         0x080016f6        0x2 
 .text.SysTick_Config
                0x080016f8       0x44 ./Drivers/STM32F4xx_HAL_Driver/Src/stm32f4xx_hal_cortex.o
 .text.HAL_NVIC_SetPriorityGrouping
                0x0800173c       0x16 ./Drivers/STM32F4xx_HAL_Driver/Src/stm32f4xx_hal_cortex.o
                0x0800173c                HAL_NVIC_SetPriorityGrouping
 .text.HAL_NVIC_SetPriority
                0x08001752       0x38 ./Drivers/STM32F4xx_HAL_Driver/Src/stm32f4xx_hal_cortex.o
                0x08001752                HAL_NVIC_SetPriority
 .text.HAL_NVIC_EnableIRQ
                0x0800178a       0x1c ./Drivers/STM32F4xx_HAL_Driver/Src/stm32f4xx_hal_cortex.o
                0x0800178a                HAL_NVIC_EnableIRQ
 .text.HAL_SYSTICK_Config
                0x080017a6       0x18 ./Drivers/STM32F4xx_HAL_Driver/Src/stm32f4xx_hal_cortex.o
                0x080017a6                HAL_SYSTICK_Config
 *fill*         0x080017be        0x2 
 .text.HAL_DMA_Init
                0x080017c0      0x15c ./Drivers/STM32F4xx_HAL_Driver/Src/stm32f4xx_hal_dma.o
                0x080017c0                HAL_DMA_Init
 .text.HAL_DMA_Start_IT
                0x0800191c       0xb0 ./Drivers/STM32F4xx_HAL_Driver/Src/stm32f4xx_hal_dma.o
                0x0800191c                HAL_DMA_Start_IT
 .text.HAL_DMA_IRQHandler
                0x080019cc      0x314 ./Drivers/STM32F4xx_HAL_Driver/Src/stm32f4xx_hal_dma.o
                0x080019cc                HAL_DMA_IRQHandler
 .text.DMA_SetConfig
                0x08001ce0       0x5c ./Drivers/STM32F4xx_HAL_Driver/Src/stm32f4xx_hal_dma.o
 .text.DMA_CalcBaseAndBitshift
                0x08001d3c       0x6c ./Drivers/STM32F4xx_HAL_Driver/Src/stm32f4xx_hal_dma.o
 .text.DMA_CheckFifoParam
                0x08001da8       0xf8 ./Drivers/STM32F4xx_HAL_Driver/Src/stm32f4xx_hal_dma.o
 .text.HAL_ETH_Init
                0x08001ea0      0x138 ./Drivers/STM32F4xx_HAL_Driver/Src/stm32f4xx_hal_eth.o
                0x08001ea0                HAL_ETH_Init
 .text.ETH_SetMACConfig
                0x08001fd8      0x168 ./Drivers/STM32F4xx_HAL_Driver/Src/stm32f4xx_hal_eth.o
 .text.ETH_SetDMAConfig
                0x08002140      0x114 ./Drivers/STM32F4xx_HAL_Driver/Src/stm32f4xx_hal_eth.o
 .text.ETH_MACDMAConfig
                0x08002254       0xea ./Drivers/STM32F4xx_HAL_Driver/Src/stm32f4xx_hal_eth.o
 *fill*         0x0800233e        0x2 
 .text.ETH_MACAddressConfig
                0x08002340       0x70 ./Drivers/STM32F4xx_HAL_Driver/Src/stm32f4xx_hal_eth.o
 .text.ETH_DMATxDescListInit
                0x080023b0       0xb2 ./Drivers/STM32F4xx_HAL_Driver/Src/stm32f4xx_hal_eth.o
 .text.ETH_DMARxDescListInit
                0x08002462       0xde ./Drivers/STM32F4xx_HAL_Driver/Src/stm32f4xx_hal_eth.o
 .text.HAL_GPIO_Init
                0x08002540      0x358 ./Drivers/STM32F4xx_HAL_Driver/Src/stm32f4xx_hal_gpio.o
                0x08002540                HAL_GPIO_Init
 .text.HAL_GPIO_WritePin
                0x08002898       0x32 ./Drivers/STM32F4xx_HAL_Driver/Src/stm32f4xx_hal_gpio.o
                0x08002898                HAL_GPIO_WritePin
 *fill*         0x080028ca        0x2 
 .text.HAL_GPIO_EXTI_IRQHandler
                0x080028cc       0x30 ./Drivers/STM32F4xx_HAL_Driver/Src/stm32f4xx_hal_gpio.o
                0x080028cc                HAL_GPIO_EXTI_IRQHandler
 .text.HAL_I2S_Init
                0x080028fc      0x280 ./Drivers/STM32F4xx_HAL_Driver/Src/stm32f4xx_hal_i2s.o
                0x080028fc                HAL_I2S_Init
 .text.HAL_I2S_Receive_DMA
                0x08002b7c      0x170 ./Drivers/STM32F4xx_HAL_Driver/Src/stm32f4xx_hal_i2s.o
                0x08002b7c                HAL_I2S_Receive_DMA
 .text.HAL_I2S_TxCpltCallback
                0x08002cec       0x14 ./Drivers/STM32F4xx_HAL_Driver/Src/stm32f4xx_hal_i2s.o
                0x08002cec                HAL_I2S_TxCpltCallback
 .text.HAL_I2S_ErrorCallback
                0x08002d00       0x14 ./Drivers/STM32F4xx_HAL_Driver/Src/stm32f4xx_hal_i2s.o
                0x08002d00                HAL_I2S_ErrorCallback
 .text.I2S_DMARxCplt
                0x08002d14       0x42 ./Drivers/STM32F4xx_HAL_Driver/Src/stm32f4xx_hal_i2s.o
 .text.I2S_DMARxHalfCplt
                0x08002d56       0x1c ./Drivers/STM32F4xx_HAL_Driver/Src/stm32f4xx_hal_i2s.o
 .text.I2S_DMAError
                0x08002d72       0x4c ./Drivers/STM32F4xx_HAL_Driver/Src/stm32f4xx_hal_i2s.o
 .text.I2S_Transmit_IT
                0x08002dbe       0x5c ./Drivers/STM32F4xx_HAL_Driver/Src/stm32f4xx_hal_i2s.o
 .text.I2S_Receive_IT
                0x08002e1a       0x5e ./Drivers/STM32F4xx_HAL_Driver/Src/stm32f4xx_hal_i2s.o
 .text.I2S_IRQHandler
                0x08002e78      0x114 ./Drivers/STM32F4xx_HAL_Driver/Src/stm32f4xx_hal_i2s.o
 .text.HAL_I2SEx_FullDuplex_IRQHandler
                0x08002f8c      0x2a8 ./Drivers/STM32F4xx_HAL_Driver/Src/stm32f4xx_hal_i2s_ex.o
                0x08002f8c                HAL_I2SEx_FullDuplex_IRQHandler
 .text.HAL_I2SEx_TxRxCpltCallback
                0x08003234       0x14 ./Drivers/STM32F4xx_HAL_Driver/Src/stm32f4xx_hal_i2s_ex.o
                0x08003234                HAL_I2SEx_TxRxCpltCallback
 .text.I2SEx_TxISR_I2S
                0x08003248       0x62 ./Drivers/STM32F4xx_HAL_Driver/Src/stm32f4xx_hal_i2s_ex.o
 *fill*         0x080032aa        0x2 
 .text.I2SEx_TxISR_I2SExt
                0x080032ac       0x98 ./Drivers/STM32F4xx_HAL_Driver/Src/stm32f4xx_hal_i2s_ex.o
 .text.I2SEx_RxISR_I2S
                0x08003344       0x64 ./Drivers/STM32F4xx_HAL_Driver/Src/stm32f4xx_hal_i2s_ex.o
 .text.I2SEx_RxISR_I2SExt
                0x080033a8       0x98 ./Drivers/STM32F4xx_HAL_Driver/Src/stm32f4xx_hal_i2s_ex.o
 .text.HAL_PCD_Init
                0x08003440      0x21e ./Drivers/STM32F4xx_HAL_Driver/Src/stm32f4xx_hal_pcd.o
                0x08003440                HAL_PCD_Init
 *fill*         0x0800365e        0x2 
 .text.HAL_RCC_OscConfig
                0x08003660      0x4f0 ./Drivers/STM32F4xx_HAL_Driver/Src/stm32f4xx_hal_rcc.o
                0x08003660                HAL_RCC_OscConfig
 .text.HAL_RCC_ClockConfig
                0x08003b50      0x1cc ./Drivers/STM32F4xx_HAL_Driver/Src/stm32f4xx_hal_rcc.o
                0x08003b50                HAL_RCC_ClockConfig
 .text.HAL_RCC_GetSysClockFreq
                0x08003d1c      0x20c ./Drivers/STM32F4xx_HAL_Driver/Src/stm32f4xx_hal_rcc.o
                0x08003d1c                HAL_RCC_GetSysClockFreq
 .text.HAL_RCC_GetHCLKFreq
                0x08003f28       0x18 ./Drivers/STM32F4xx_HAL_Driver/Src/stm32f4xx_hal_rcc.o
                0x08003f28                HAL_RCC_GetHCLKFreq
 .text.HAL_RCC_GetPCLK1Freq
                0x08003f40       0x28 ./Drivers/STM32F4xx_HAL_Driver/Src/stm32f4xx_hal_rcc.o
                0x08003f40                HAL_RCC_GetPCLK1Freq
 .text.HAL_RCC_GetPCLK2Freq
                0x08003f68       0x28 ./Drivers/STM32F4xx_HAL_Driver/Src/stm32f4xx_hal_rcc.o
                0x08003f68                HAL_RCC_GetPCLK2Freq
 .text.HAL_RCCEx_PeriphCLKConfig
                0x08003f90      0x380 ./Drivers/STM32F4xx_HAL_Driver/Src/stm32f4xx_hal_rcc_ex.o
                0x08003f90                HAL_RCCEx_PeriphCLKConfig
 .text.HAL_RCCEx_GetPeriphCLKFreq
                0x08004310       0xc0 ./Drivers/STM32F4xx_HAL_Driver/Src/stm32f4xx_hal_rcc_ex.o
                0x08004310                HAL_RCCEx_GetPeriphCLKFreq
 .text.HAL_TIM_Base_Init
                0x080043d0       0x9e ./Drivers/STM32F4xx_HAL_Driver/Src/stm32f4xx_hal_tim.o
                0x080043d0                HAL_TIM_Base_Init
 *fill*         0x0800446e        0x2 
 .text.HAL_TIM_Base_Start
                0x08004470       0xd0 ./Drivers/STM32F4xx_HAL_Driver/Src/stm32f4xx_hal_tim.o
                0x08004470                HAL_TIM_Base_Start
 .text.HAL_TIM_ConfigClockSource
                0x08004540      0x18e ./Drivers/STM32F4xx_HAL_Driver/Src/stm32f4xx_hal_tim.o
                0x08004540                HAL_TIM_ConfigClockSource
 *fill*         0x080046ce        0x2 
 .text.TIM_Base_SetConfig
                0x080046d0      0x14c ./Drivers/STM32F4xx_HAL_Driver/Src/stm32f4xx_hal_tim.o
                0x080046d0                TIM_Base_SetConfig
 .text.TIM_TI1_ConfigInputStage
                0x0800481c       0x5e ./Drivers/STM32F4xx_HAL_Driver/Src/stm32f4xx_hal_tim.o
 .text.TIM_TI2_ConfigInputStage
                0x0800487a       0x60 ./Drivers/STM32F4xx_HAL_Driver/Src/stm32f4xx_hal_tim.o
 .text.TIM_ITRx_SetConfig
                0x080048da       0x36 ./Drivers/STM32F4xx_HAL_Driver/Src/stm32f4xx_hal_tim.o
 .text.TIM_ETR_SetConfig
                0x08004910       0x40 ./Drivers/STM32F4xx_HAL_Driver/Src/stm32f4xx_hal_tim.o
                0x08004910                TIM_ETR_SetConfig
 .text.HAL_TIMEx_MasterConfigSynchronization
                0x08004950       0xf8 ./Drivers/STM32F4xx_HAL_Driver/Src/stm32f4xx_hal_tim_ex.o
                0x08004950                HAL_TIMEx_MasterConfigSynchronization
 .text.HAL_UART_Init
                0x08004a48       0xa0 ./Drivers/STM32F4xx_HAL_Driver/Src/stm32f4xx_hal_uart.o
                0x08004a48                HAL_UART_Init
 .text.UART_SetConfig
                0x08004ae8      0x4e8 ./Drivers/STM32F4xx_HAL_Driver/Src/stm32f4xx_hal_uart.o
 .text.USB_CoreInit
                0x08004fd0       0xc8 ./Drivers/STM32F4xx_HAL_Driver/Src/stm32f4xx_ll_usb.o
                0x08004fd0                USB_CoreInit
 .text.USB_DisableGlobalInt
                0x08005098       0x22 ./Drivers/STM32F4xx_HAL_Driver/Src/stm32f4xx_ll_usb.o
                0x08005098                USB_DisableGlobalInt
 .text.USB_SetCurrentMode
                0x080050ba       0x98 ./Drivers/STM32F4xx_HAL_Driver/Src/stm32f4xx_ll_usb.o
                0x080050ba                USB_SetCurrentMode
 *fill*         0x08005152        0x2 
 .text.USB_DevInit
                0x08005154      0x2c8 ./Drivers/STM32F4xx_HAL_Driver/Src/stm32f4xx_ll_usb.o
                0x08005154                USB_DevInit
 .text.USB_FlushTxFifo
                0x0800541c       0x64 ./Drivers/STM32F4xx_HAL_Driver/Src/stm32f4xx_ll_usb.o
                0x0800541c                USB_FlushTxFifo
 .text.USB_FlushRxFifo
                0x08005480       0x5c ./Drivers/STM32F4xx_HAL_Driver/Src/stm32f4xx_ll_usb.o
                0x08005480                USB_FlushRxFifo
 .text.USB_SetDevSpeed
                0x080054dc       0x32 ./Drivers/STM32F4xx_HAL_Driver/Src/stm32f4xx_ll_usb.o
                0x080054dc                USB_SetDevSpeed
 .text.USB_DevDisconnect
                0x0800550e       0x42 ./Drivers/STM32F4xx_HAL_Driver/Src/stm32f4xx_ll_usb.o
                0x0800550e                USB_DevDisconnect
 .text.USB_GetMode
                0x08005550       0x1c ./Drivers/STM32F4xx_HAL_Driver/Src/stm32f4xx_ll_usb.o
                0x08005550                USB_GetMode
 .text.USB_CoreReset
                0x0800556c       0x70 ./Drivers/STM32F4xx_HAL_Driver/Src/stm32f4xx_ll_usb.o
 .text.memset   0x080055dc       0x10 /opt/st/stm32cubeide_1.19.0/plugins/com.st.stm32cube.ide.mcu.externaltools.gnu-tools-for-stm32.13.3.rel1.linux64_1.0.0.202410170706/tools/bin/../lib/gcc/arm-none-eabi/13.3.1/../../../../arm-none-eabi/lib/thumb/v7e-m+fp/hard/libc_nano.a(libc_a-memset.o)
                0x080055dc                memset
 .text.__libc_init_array
                0x080055ec       0x48 /opt/st/stm32cubeide_1.19.0/plugins/com.st.stm32cube.ide.mcu.externaltools.gnu-tools-for-stm32.13.3.rel1.linux64_1.0.0.202410170706/tools/bin/../lib/gcc/arm-none-eabi/13.3.1/../../../../arm-none-eabi/lib/thumb/v7e-m+fp/hard/libc_nano.a(libc_a-init.o)
                0x080055ec                __libc_init_array
 *(.glue_7)
 .glue_7        0x08005634        0x0 linker stubs
 *(.glue_7t)
 .glue_7t       0x08005634        0x0 linker stubs
 *(.eh_frame)
 .eh_frame      0x08005634        0x0 /opt/st/stm32cubeide_1.19.0/plugins/com.st.stm32cube.ide.mcu.externaltools.gnu-tools-for-stm32.13.3.rel1.linux64_1.0.0.202410170706/tools/bin/../lib/gcc/arm-none-eabi/13.3.1/thumb/v7e-m+fp/hard/crtbegin.o
 *(.init)
 .init          0x08005634        0x4 /opt/st/stm32cubeide_1.19.0/plugins/com.st.stm32cube.ide.mcu.externaltools.gnu-tools-for-stm32.13.3.rel1.linux64_1.0.0.202410170706/tools/bin/../lib/gcc/arm-none-eabi/13.3.1/thumb/v7e-m+fp/hard/crti.o
                0x08005634                _init
 .init          0x08005638        0x8 /opt/st/stm32cubeide_1.19.0/plugins/com.st.stm32cube.ide.mcu.externaltools.gnu-tools-for-stm32.13.3.rel1.linux64_1.0.0.202410170706/tools/bin/../lib/gcc/arm-none-eabi/13.3.1/thumb/v7e-m+fp/hard/crtn.o
 *(.fini)
 .fini          0x08005640        0x4 /opt/st/stm32cubeide_1.19.0/plugins/com.st.stm32cube.ide.mcu.externaltools.gnu-tools-for-stm32.13.3.rel1.linux64_1.0.0.202410170706/tools/bin/../lib/gcc/arm-none-eabi/13.3.1/thumb/v7e-m+fp/hard/crti.o
                0x08005640                _fini
 .fini          0x08005644        0x8 /opt/st/stm32cubeide_1.19.0/plugins/com.st.stm32cube.ide.mcu.externaltools.gnu-tools-for-stm32.13.3.rel1.linux64_1.0.0.202410170706/tools/bin/../lib/gcc/arm-none-eabi/13.3.1/thumb/v7e-m+fp/hard/crtn.o
                0x0800564c                        . = ALIGN (0x4)
                0x0800564c                        _etext = .

.vfp11_veneer   0x0800564c        0x0
 .vfp11_veneer  0x0800564c        0x0 linker stubs

.v4_bx          0x0800564c        0x0
 .v4_bx         0x0800564c        0x0 linker stubs

.iplt           0x0800564c        0x0
 .iplt          0x0800564c        0x0 /opt/st/stm32cubeide_1.19.0/plugins/com.st.stm32cube.ide.mcu.externaltools.gnu-tools-for-stm32.13.3.rel1.linux64_1.0.0.202410170706/tools/bin/../lib/gcc/arm-none-eabi/13.3.1/thumb/v7e-m+fp/hard/crtbegin.o

.rodata         0x0800564c       0x20
                0x0800564c                        . = ALIGN (0x4)
 *(.rodata)
 *(.rodata*)
 .rodata.AHBPrescTable
                0x0800564c       0x10 ./Core/Src/system_stm32f4xx.o
                0x0800564c                AHBPrescTable
 .rodata.APBPrescTable
                0x0800565c        0x8 ./Core/Src/system_stm32f4xx.o
                0x0800565c                APBPrescTable
 .rodata.flagBitshiftOffset.0
                0x08005664        0x8 ./Drivers/STM32F4xx_HAL_Driver/Src/stm32f4xx_hal_dma.o
                0x0800566c                        . = ALIGN (0x4)

.ARM.extab      0x0800566c        0x0
                0x0800566c                        . = ALIGN (0x4)
 *(.ARM.extab* .gnu.linkonce.armextab.*)
                0x0800566c                        . = ALIGN (0x4)

.ARM            0x0800566c        0x8
                0x0800566c                        . = ALIGN (0x4)
                0x0800566c                        __exidx_start = .
 *(.ARM.exidx*)
 .ARM.exidx     0x0800566c        0x8 /opt/st/stm32cubeide_1.19.0/plugins/com.st.stm32cube.ide.mcu.externaltools.gnu-tools-for-stm32.13.3.rel1.linux64_1.0.0.202410170706/tools/bin/../lib/gcc/arm-none-eabi/13.3.1/thumb/v7e-m+fp/hard/libgcc.a(_udivmoddi4.o)
                0x08005674                        __exidx_end = .
                0x08005674                        . = ALIGN (0x4)

.preinit_array  0x08005674        0x0
                0x08005674                        . = ALIGN (0x4)
                0x08005674                        PROVIDE (__preinit_array_start = .)
 *(.preinit_array*)
                0x08005674                        PROVIDE (__preinit_array_end = .)
                0x08005674                        . = ALIGN (0x4)

.init_array     0x08005674        0x4
                0x08005674                        . = ALIGN (0x4)
                0x08005674                        PROVIDE (__init_array_start = .)
 *(SORT_BY_NAME(.init_array.*))
 *(.init_array*)
 .init_array    0x08005674        0x4 /opt/st/stm32cubeide_1.19.0/plugins/com.st.stm32cube.ide.mcu.externaltools.gnu-tools-for-stm32.13.3.rel1.linux64_1.0.0.202410170706/tools/bin/../lib/gcc/arm-none-eabi/13.3.1/thumb/v7e-m+fp/hard/crtbegin.o
                0x08005678                        PROVIDE (__init_array_end = .)
                0x08005678                        . = ALIGN (0x4)

.fini_array     0x08005678        0x4
                0x08005678                        . = ALIGN (0x4)
                [!provide]                        PROVIDE (__fini_array_start = .)
 *(SORT_BY_NAME(.fini_array.*))
 *(.fini_array*)
 .fini_array    0x08005678        0x4 /opt/st/stm32cubeide_1.19.0/plugins/com.st.stm32cube.ide.mcu.externaltools.gnu-tools-for-stm32.13.3.rel1.linux64_1.0.0.202410170706/tools/bin/../lib/gcc/arm-none-eabi/13.3.1/thumb/v7e-m+fp/hard/crtbegin.o
                [!provide]                        PROVIDE (__fini_array_end = .)
                0x0800567c                        . = ALIGN (0x4)
                0x0800567c                        _sidata = LOADADDR (.data)

.rel.dyn        0x0800567c        0x0
 .rel.iplt      0x0800567c        0x0 /opt/st/stm32cubeide_1.19.0/plugins/com.st.stm32cube.ide.mcu.externaltools.gnu-tools-for-stm32.13.3.rel1.linux64_1.0.0.202410170706/tools/bin/../lib/gcc/arm-none-eabi/13.3.1/thumb/v7e-m+fp/hard/crtbegin.o

.data           0x20000000       0x50 load address 0x0800567c
                0x20000000                        . = ALIGN (0x4)
                0x20000000                        _sdata = .
 *(.data)
 *(.data*)
 .data._ZL8port_arr
                0x20000000       0x28 ./Core/Src/led_array.o
 .data._ZL7pin_arr
                0x20000028       0x14 ./Core/Src/led_array.o
 .data.flag     0x2000003c        0x4 ./Core/Src/main.o
                0x2000003c                flag
 .data.on_sequence
                0x20000040        0x2 ./Core/Src/main.o
                0x20000040                on_sequence
 .data.off_sequence
                0x20000042        0x2 ./Core/Src/main.o
                0x20000042                off_sequence
 .data.SystemCoreClock
                0x20000044        0x4 ./Core/Src/system_stm32f4xx.o
                0x20000044                SystemCoreClock
 .data.uwTickPrio
                0x20000048        0x4 ./Drivers/STM32F4xx_HAL_Driver/Src/stm32f4xx_hal.o
                0x20000048                uwTickPrio
 .data.uwTickFreq
                0x2000004c        0x1 ./Drivers/STM32F4xx_HAL_Driver/Src/stm32f4xx_hal.o
                0x2000004c                uwTickFreq
 *(.RamFunc)
 *(.RamFunc*)
                0x20000050                        . = ALIGN (0x4)
 *fill*         0x2000004d        0x3 
                0x20000050                        _edata = .
                0x080056cc                        _siccmram = LOADADDR (.ccmram)

.igot.plt       0x20000050        0x0 load address 0x080056cc
 .igot.plt      0x20000050        0x0 /opt/st/stm32cubeide_1.19.0/plugins/com.st.stm32cube.ide.mcu.externaltools.gnu-tools-for-stm32.13.3.rel1.linux64_1.0.0.202410170706/tools/bin/../lib/gcc/arm-none-eabi/13.3.1/thumb/v7e-m+fp/hard/crtbegin.o

.ccmram         0x10000000        0x0 load address 0x080056cc
                0x10000000                        . = ALIGN (0x4)
                0x10000000                        _sccmram = .
 *(.ccmram)
 *(.ccmram*)
                0x10000000                        . = ALIGN (0x4)
                0x10000000                        _eccmram = .
                0x10000000                        . = ALIGN (0x4)

.bss            0x20000050     0x1bf8
                0x20000050                        _sbss = .
                0x20000050                        __bss_start__ = _sbss
 *(.bss)
 .bss           0x20000050       0x1c /opt/st/stm32cubeide_1.19.0/plugins/com.st.stm32cube.ide.mcu.externaltools.gnu-tools-for-stm32.13.3.rel1.linux64_1.0.0.202410170706/tools/bin/../lib/gcc/arm-none-eabi/13.3.1/thumb/v7e-m+fp/hard/crtbegin.o
 *(.bss*)
 .bss.buffer_input
                0x2000006c      0xfa0 ./Core/Src/audio_processing.o
                0x2000006c                buffer_input
 .bss.buffer_merged
                0x2000100c      0x3e8 ./Core/Src/audio_processing.o
                0x2000100c                buffer_merged
 .bss.micflag   0x200013f4        0x4 ./Core/Src/audio_processing.o
                0x200013f4                micflag
 .bss.TxConfig  0x200013f8       0x38 ./Core/Src/main.o
                0x200013f8                TxConfig
 .bss.DMARxDscrTab
                0x20001430       0xa0 ./Core/Src/main.o
                0x20001430                DMARxDscrTab
 .bss.DMATxDscrTab
                0x200014d0       0xa0 ./Core/Src/main.o
                0x200014d0                DMATxDscrTab
 .bss.heth      0x20001570       0xb0 ./Core/Src/main.o
                0x20001570                heth
 .bss.hi2s3     0x20001620       0x48 ./Core/Src/main.o
                0x20001620                hi2s3
 .bss.hdma_spi3_rx
                0x20001668       0x60 ./Core/Src/main.o
                0x20001668                hdma_spi3_rx
 .bss.htim4     0x200016c8       0x48 ./Core/Src/main.o
                0x200016c8                htim4
 .bss.huart3    0x20001710       0x48 ./Core/Src/main.o
                0x20001710                huart3
 .bss.hpcd_USB_OTG_FS
                0x20001758      0x4e4 ./Core/Src/main.o
                0x20001758                hpcd_USB_OTG_FS
 .bss.MACAddr.0
                0x20001c3c        0x6 ./Core/Src/main.o
 *fill*         0x20001c42        0x2 
 .bss.uwTick    0x20001c44        0x4 ./Drivers/STM32F4xx_HAL_Driver/Src/stm32f4xx_hal.o
                0x20001c44                uwTick
 *(COMMON)
                0x20001c48                        . = ALIGN (0x4)
                0x20001c48                        _ebss = .
                0x20001c48                        __bss_end__ = _ebss

._user_heap_stack
                0x20001c48      0x600
                0x20001c48                        . = ALIGN (0x8)
                [!provide]                        PROVIDE (end = .)
                0x20001c48                        PROVIDE (_end = .)
                0x20001e48                        . = (. + _Min_Heap_Size)
 *fill*         0x20001c48      0x200 
                0x20002248                        . = (. + _Min_Stack_Size)
 *fill*         0x20001e48      0x400 
                0x20002248                        . = ALIGN (0x8)

/DISCARD/
 libc.a(*)
 libm.a(*)
 libgcc.a(*)

.ARM.attributes
                0x00000000       0x30
 *(.ARM.attributes)
 .ARM.attributes
                0x00000000       0x22 /opt/st/stm32cubeide_1.19.0/plugins/com.st.stm32cube.ide.mcu.externaltools.gnu-tools-for-stm32.13.3.rel1.linux64_1.0.0.202410170706/tools/bin/../lib/gcc/arm-none-eabi/13.3.1/thumb/v7e-m+fp/hard/crti.o
 .ARM.attributes
                0x00000022       0x34 /opt/st/stm32cubeide_1.19.0/plugins/com.st.stm32cube.ide.mcu.externaltools.gnu-tools-for-stm32.13.3.rel1.linux64_1.0.0.202410170706/tools/bin/../lib/gcc/arm-none-eabi/13.3.1/thumb/v7e-m+fp/hard/crtbegin.o
 .ARM.attributes
                0x00000056       0x34 ./Core/Src/audio_processing.o
 .ARM.attributes
                0x0000008a       0x34 ./Core/Src/led_array.o
 .ARM.attributes
                0x000000be       0x34 ./Core/Src/main.o
 .ARM.attributes
                0x000000f2       0x34 ./Core/Src/my_main.o
 .ARM.attributes
                0x00000126       0x34 ./Core/Src/stm32f4xx_hal_msp.o
 .ARM.attributes
                0x0000015a       0x34 ./Core/Src/stm32f4xx_it.o
 .ARM.attributes
                0x0000018e       0x34 ./Core/Src/system_stm32f4xx.o
 .ARM.attributes
                0x000001c2       0x34 ./Core/Src/timer.o
 .ARM.attributes
                0x000001f6       0x34 ./Core/Src/transmit.o
 .ARM.attributes
                0x0000022a       0x21 ./Core/Startup/startup_stm32f429zitx.o
 .ARM.attributes
                0x0000024b       0x34 ./Drivers/STM32F4xx_HAL_Driver/Src/stm32f4xx_hal.o
 .ARM.attributes
                0x0000027f       0x34 ./Drivers/STM32F4xx_HAL_Driver/Src/stm32f4xx_hal_cortex.o
 .ARM.attributes
                0x000002b3       0x34 ./Drivers/STM32F4xx_HAL_Driver/Src/stm32f4xx_hal_dma.o
 .ARM.attributes
                0x000002e7       0x34 ./Drivers/STM32F4xx_HAL_Driver/Src/stm32f4xx_hal_eth.o
 .ARM.attributes
                0x0000031b       0x34 ./Drivers/STM32F4xx_HAL_Driver/Src/stm32f4xx_hal_gpio.o
 .ARM.attributes
                0x0000034f       0x34 ./Drivers/STM32F4xx_HAL_Driver/Src/stm32f4xx_hal_i2s.o
 .ARM.attributes
                0x00000383       0x34 ./Drivers/STM32F4xx_HAL_Driver/Src/stm32f4xx_hal_i2s_ex.o
 .ARM.attributes
                0x000003b7       0x34 ./Drivers/STM32F4xx_HAL_Driver/Src/stm32f4xx_hal_pcd.o
 .ARM.attributes
                0x000003eb       0x34 ./Drivers/STM32F4xx_HAL_Driver/Src/stm32f4xx_hal_rcc.o
 .ARM.attributes
                0x0000041f       0x34 ./Drivers/STM32F4xx_HAL_Driver/Src/stm32f4xx_hal_rcc_ex.o
 .ARM.attributes
                0x00000453       0x34 ./Drivers/STM32F4xx_HAL_Driver/Src/stm32f4xx_hal_tim.o
 .ARM.attributes
                0x00000487       0x34 ./Drivers/STM32F4xx_HAL_Driver/Src/stm32f4xx_hal_tim_ex.o
 .ARM.attributes
                0x000004bb       0x34 ./Drivers/STM32F4xx_HAL_Driver/Src/stm32f4xx_hal_uart.o
 .ARM.attributes
                0x000004ef       0x34 ./Drivers/STM32F4xx_HAL_Driver/Src/stm32f4xx_ll_usb.o
 .ARM.attributes
                0x00000523       0x34 /opt/st/stm32cubeide_1.19.0/plugins/com.st.stm32cube.ide.mcu.externaltools.gnu-tools-for-stm32.13.3.rel1.linux64_1.0.0.202410170706/tools/bin/../lib/gcc/arm-none-eabi/13.3.1/../../../../arm-none-eabi/lib/thumb/v7e-m+fp/hard/libc_nano.a(libc_a-memset.o)
 .ARM.attributes
                0x00000557       0x34 /opt/st/stm32cubeide_1.19.0/plugins/com.st.stm32cube.ide.mcu.externaltools.gnu-tools-for-stm32.13.3.rel1.linux64_1.0.0.202410170706/tools/bin/../lib/gcc/arm-none-eabi/13.3.1/../../../../arm-none-eabi/lib/thumb/v7e-m+fp/hard/libc_nano.a(libc_a-init.o)
 .ARM.attributes
                0x0000058b       0x22 /opt/st/stm32cubeide_1.19.0/plugins/com.st.stm32cube.ide.mcu.externaltools.gnu-tools-for-stm32.13.3.rel1.linux64_1.0.0.202410170706/tools/bin/../lib/gcc/arm-none-eabi/13.3.1/thumb/v7e-m+fp/hard/libgcc.a(_aeabi_uldivmod.o)
 .ARM.attributes
                0x000005ad       0x34 /opt/st/stm32cubeide_1.19.0/plugins/com.st.stm32cube.ide.mcu.externaltools.gnu-tools-for-stm32.13.3.rel1.linux64_1.0.0.202410170706/tools/bin/../lib/gcc/arm-none-eabi/13.3.1/thumb/v7e-m+fp/hard/libgcc.a(_udivmoddi4.o)
 .ARM.attributes
                0x000005e1       0x22 /opt/st/stm32cubeide_1.19.0/plugins/com.st.stm32cube.ide.mcu.externaltools.gnu-tools-for-stm32.13.3.rel1.linux64_1.0.0.202410170706/tools/bin/../lib/gcc/arm-none-eabi/13.3.1/thumb/v7e-m+fp/hard/libgcc.a(_dvmd_tls.o)
 .ARM.attributes
                0x00000603       0x22 /opt/st/stm32cubeide_1.19.0/plugins/com.st.stm32cube.ide.mcu.externaltools.gnu-tools-for-stm32.13.3.rel1.linux64_1.0.0.202410170706/tools/bin/../lib/gcc/arm-none-eabi/13.3.1/thumb/v7e-m+fp/hard/crtn.o
OUTPUT(alexa.elf elf32-littlearm)
LOAD linker stubs
LOAD /opt/st/stm32cubeide_1.19.0/plugins/com.st.stm32cube.ide.mcu.externaltools.gnu-tools-for-stm32.13.3.rel1.linux64_1.0.0.202410170706/tools/bin/../lib/gcc/arm-none-eabi/13.3.1/../../../../arm-none-eabi/lib/thumb/v7e-m+fp/hard/libc.a
LOAD /opt/st/stm32cubeide_1.19.0/plugins/com.st.stm32cube.ide.mcu.externaltools.gnu-tools-for-stm32.13.3.rel1.linux64_1.0.0.202410170706/tools/bin/../lib/gcc/arm-none-eabi/13.3.1/../../../../arm-none-eabi/lib/thumb/v7e-m+fp/hard/libm.a
LOAD /opt/st/stm32cubeide_1.19.0/plugins/com.st.stm32cube.ide.mcu.externaltools.gnu-tools-for-stm32.13.3.rel1.linux64_1.0.0.202410170706/tools/bin/../lib/gcc/arm-none-eabi/13.3.1/thumb/v7e-m+fp/hard/libgcc.a

.debug_info     0x00000000    0x17adf
 .debug_info    0x00000000      0x894 ./Core/Src/audio_processing.o
 .debug_info    0x00000894      0x2d2 ./Core/Src/led_array.o
 .debug_info    0x00000b66     0x25c9 ./Core/Src/main.o
 .debug_info    0x0000312f      0xa89 ./Core/Src/my_main.o
 .debug_info    0x00003bb8     0x1fba ./Core/Src/stm32f4xx_hal_msp.o
 .debug_info    0x00005b72      0x3e3 ./Core/Src/stm32f4xx_it.o
 .debug_info    0x00005f55      0x52e ./Core/Src/system_stm32f4xx.o
 .debug_info    0x00006483      0x66d ./Core/Src/timer.o
 .debug_info    0x00006af0      0x24e ./Core/Src/transmit.o
 .debug_info    0x00006d3e       0x30 ./Core/Startup/startup_stm32f429zitx.o
 .debug_info    0x00006d6e      0x9ba ./Drivers/STM32F4xx_HAL_Driver/Src/stm32f4xx_hal.o
 .debug_info    0x00007728      0xdc2 ./Drivers/STM32F4xx_HAL_Driver/Src/stm32f4xx_hal_cortex.o
 .debug_info    0x000084ea      0x8e7 ./Drivers/STM32F4xx_HAL_Driver/Src/stm32f4xx_hal_dma.o
 .debug_info    0x00008dd1     0x2193 ./Drivers/STM32F4xx_HAL_Driver/Src/stm32f4xx_hal_eth.o
 .debug_info    0x0000af64      0x6db ./Drivers/STM32F4xx_HAL_Driver/Src/stm32f4xx_hal_gpio.o
 .debug_info    0x0000b63f      0xe02 ./Drivers/STM32F4xx_HAL_Driver/Src/stm32f4xx_hal_i2s.o
 .debug_info    0x0000c441      0xaae ./Drivers/STM32F4xx_HAL_Driver/Src/stm32f4xx_hal_i2s_ex.o
 .debug_info    0x0000ceef     0x156f ./Drivers/STM32F4xx_HAL_Driver/Src/stm32f4xx_hal_pcd.o
 .debug_info    0x0000e45e      0x8db ./Drivers/STM32F4xx_HAL_Driver/Src/stm32f4xx_hal_rcc.o
 .debug_info    0x0000ed39      0x64c ./Drivers/STM32F4xx_HAL_Driver/Src/stm32f4xx_hal_rcc_ex.o
 .debug_info    0x0000f385     0x299d ./Drivers/STM32F4xx_HAL_Driver/Src/stm32f4xx_hal_tim.o
 .debug_info    0x00011d22     0x14db ./Drivers/STM32F4xx_HAL_Driver/Src/stm32f4xx_hal_tim_ex.o
 .debug_info    0x000131fd     0x2f4f ./Drivers/STM32F4xx_HAL_Driver/Src/stm32f4xx_hal_uart.o
 .debug_info    0x0001614c     0x1993 ./Drivers/STM32F4xx_HAL_Driver/Src/stm32f4xx_ll_usb.o

.debug_abbrev   0x00000000     0x3454
 .debug_abbrev  0x00000000      0x1f8 ./Core/Src/audio_processing.o
 .debug_abbrev  0x000001f8      0x148 ./Core/Src/led_array.o
 .debug_abbrev  0x00000340      0x386 ./Core/Src/main.o
 .debug_abbrev  0x000006c6      0x202 ./Core/Src/my_main.o
 .debug_abbrev  0x000008c8      0x2b0 ./Core/Src/stm32f4xx_hal_msp.o
 .debug_abbrev  0x00000b78      0x17e ./Core/Src/stm32f4xx_it.o
 .debug_abbrev  0x00000cf6      0x11a ./Core/Src/system_stm32f4xx.o
 .debug_abbrev  0x00000e10      0x162 ./Core/Src/timer.o
 .debug_abbrev  0x00000f72      0x14a ./Core/Src/transmit.o
 .debug_abbrev  0x000010bc       0x24 ./Core/Startup/startup_stm32f429zitx.o
 .debug_abbrev  0x000010e0      0x214 ./Drivers/STM32F4xx_HAL_Driver/Src/stm32f4xx_hal.o
 .debug_abbrev  0x000012f4      0x31d ./Drivers/STM32F4xx_HAL_Driver/Src/stm32f4xx_hal_cortex.o
 .debug_abbrev  0x00001611      0x264 ./Drivers/STM32F4xx_HAL_Driver/Src/stm32f4xx_hal_dma.o
 .debug_abbrev  0x00001875      0x35c ./Drivers/STM32F4xx_HAL_Driver/Src/stm32f4xx_hal_eth.o
 .debug_abbrev  0x00001bd1      0x1d4 ./Drivers/STM32F4xx_HAL_Driver/Src/stm32f4xx_hal_gpio.o
 .debug_abbrev  0x00001da5      0x25d ./Drivers/STM32F4xx_HAL_Driver/Src/stm32f4xx_hal_i2s.o
 .debug_abbrev  0x00002002      0x276 ./Drivers/STM32F4xx_HAL_Driver/Src/stm32f4xx_hal_i2s_ex.o
 .debug_abbrev  0x00002278      0x2b9 ./Drivers/STM32F4xx_HAL_Driver/Src/stm32f4xx_hal_pcd.o
 .debug_abbrev  0x00002531      0x2b7 ./Drivers/STM32F4xx_HAL_Driver/Src/stm32f4xx_hal_rcc.o
 .debug_abbrev  0x000027e8      0x1b0 ./Drivers/STM32F4xx_HAL_Driver/Src/stm32f4xx_hal_rcc_ex.o
 .debug_abbrev  0x00002998      0x278 ./Drivers/STM32F4xx_HAL_Driver/Src/stm32f4xx_hal_tim.o
 .debug_abbrev  0x00002c10      0x283 ./Drivers/STM32F4xx_HAL_Driver/Src/stm32f4xx_hal_tim_ex.o
 .debug_abbrev  0x00002e93      0x30e ./Drivers/STM32F4xx_HAL_Driver/Src/stm32f4xx_hal_uart.o
 .debug_abbrev  0x000031a1      0x2b3 ./Drivers/STM32F4xx_HAL_Driver/Src/stm32f4xx_ll_usb.o

.debug_aranges  0x00000000     0x1400
 .debug_aranges
                0x00000000       0x38 ./Core/Src/audio_processing.o
 .debug_aranges
                0x00000038       0x20 ./Core/Src/led_array.o
 .debug_aranges
                0x00000058       0x70 ./Core/Src/main.o
 .debug_aranges
                0x000000c8       0x28 ./Core/Src/my_main.o
 .debug_aranges
                0x000000f0       0x70 ./Core/Src/stm32f4xx_hal_msp.o
 .debug_aranges
                0x00000160       0x70 ./Core/Src/stm32f4xx_it.o
 .debug_aranges
                0x000001d0       0x28 ./Core/Src/system_stm32f4xx.o
 .debug_aranges
                0x000001f8       0x20 ./Core/Src/timer.o
 .debug_aranges
                0x00000218       0x28 ./Core/Src/transmit.o
 .debug_aranges
                0x00000240       0x28 ./Core/Startup/startup_stm32f429zitx.o
 .debug_aranges
                0x00000268      0x100 ./Drivers/STM32F4xx_HAL_Driver/Src/stm32f4xx_hal.o
 .debug_aranges
                0x00000368      0x130 ./Drivers/STM32F4xx_HAL_Driver/Src/stm32f4xx_hal_cortex.o
 .debug_aranges
                0x00000498       0x90 ./Drivers/STM32F4xx_HAL_Driver/Src/stm32f4xx_hal_dma.o
 .debug_aranges
                0x00000528      0x1e8 ./Drivers/STM32F4xx_HAL_Driver/Src/stm32f4xx_hal_eth.o
 .debug_aranges
                0x00000710       0x58 ./Drivers/STM32F4xx_HAL_Driver/Src/stm32f4xx_hal_gpio.o
 .debug_aranges
                0x00000768      0x108 ./Drivers/STM32F4xx_HAL_Driver/Src/stm32f4xx_hal_i2s.o
 .debug_aranges
                0x00000870       0x88 ./Drivers/STM32F4xx_HAL_Driver/Src/stm32f4xx_hal_i2s_ex.o
 .debug_aranges
                0x000008f8      0x148 ./Drivers/STM32F4xx_HAL_Driver/Src/stm32f4xx_hal_pcd.o
 .debug_aranges
                0x00000a40       0x88 ./Drivers/STM32F4xx_HAL_Driver/Src/stm32f4xx_hal_rcc.o
 .debug_aranges
                0x00000ac8       0x58 ./Drivers/STM32F4xx_HAL_Driver/Src/stm32f4xx_hal_rcc_ex.o
 .debug_aranges
                0x00000b20      0x3d0 ./Drivers/STM32F4xx_HAL_Driver/Src/stm32f4xx_hal_tim.o
 .debug_aranges
                0x00000ef0      0x168 ./Drivers/STM32F4xx_HAL_Driver/Src/stm32f4xx_hal_tim_ex.o
 .debug_aranges
                0x00001058      0x208 ./Drivers/STM32F4xx_HAL_Driver/Src/stm32f4xx_hal_uart.o
 .debug_aranges
                0x00001260      0x1a0 ./Drivers/STM32F4xx_HAL_Driver/Src/stm32f4xx_ll_usb.o

.debug_rnglists
                0x00000000      0xf8e
 .debug_rnglists
                0x00000000       0x25 ./Core/Src/audio_processing.o
 .debug_rnglists
                0x00000025       0x14 ./Core/Src/led_array.o
 .debug_rnglists
                0x00000039       0x54 ./Core/Src/main.o
 .debug_rnglists
                0x0000008d       0x19 ./Core/Src/my_main.o
 .debug_rnglists
                0x000000a6       0x53 ./Core/Src/stm32f4xx_hal_msp.o
 .debug_rnglists
                0x000000f9       0x4f ./Core/Src/stm32f4xx_it.o
 .debug_rnglists
                0x00000148       0x1a ./Core/Src/system_stm32f4xx.o
 .debug_rnglists
                0x00000162       0x13 ./Core/Src/timer.o
 .debug_rnglists
                0x00000175       0x19 ./Core/Src/transmit.o
 .debug_rnglists
                0x0000018e       0x19 ./Core/Startup/startup_stm32f429zitx.o
 .debug_rnglists
                0x000001a7       0xbb ./Drivers/STM32F4xx_HAL_Driver/Src/stm32f4xx_hal.o
 .debug_rnglists
                0x00000262       0xe0 ./Drivers/STM32F4xx_HAL_Driver/Src/stm32f4xx_hal_cortex.o
 .debug_rnglists
                0x00000342       0x70 ./Drivers/STM32F4xx_HAL_Driver/Src/stm32f4xx_hal_dma.o
 .debug_rnglists
                0x000003b2      0x182 ./Drivers/STM32F4xx_HAL_Driver/Src/stm32f4xx_hal_eth.o
 .debug_rnglists
                0x00000534       0x3f ./Drivers/STM32F4xx_HAL_Driver/Src/stm32f4xx_hal_gpio.o
 .debug_rnglists
                0x00000573       0xcc ./Drivers/STM32F4xx_HAL_Driver/Src/stm32f4xx_hal_i2s.o
 .debug_rnglists
                0x0000063f       0x6a ./Drivers/STM32F4xx_HAL_Driver/Src/stm32f4xx_hal_i2s_ex.o
 .debug_rnglists
                0x000006a9       0xfa ./Drivers/STM32F4xx_HAL_Driver/Src/stm32f4xx_hal_pcd.o
 .debug_rnglists
                0x000007a3       0x66 ./Drivers/STM32F4xx_HAL_Driver/Src/stm32f4xx_hal_rcc.o
 .debug_rnglists
                0x00000809       0x43 ./Drivers/STM32F4xx_HAL_Driver/Src/stm32f4xx_hal_rcc_ex.o
 .debug_rnglists
                0x0000084c      0x31a ./Drivers/STM32F4xx_HAL_Driver/Src/stm32f4xx_hal_tim.o
 .debug_rnglists
                0x00000b66      0x125 ./Drivers/STM32F4xx_HAL_Driver/Src/stm32f4xx_hal_tim_ex.o
 .debug_rnglists
                0x00000c8b      0x1bc ./Drivers/STM32F4xx_HAL_Driver/Src/stm32f4xx_hal_uart.o
 .debug_rnglists
                0x00000e47      0x147 ./Drivers/STM32F4xx_HAL_Driver/Src/stm32f4xx_ll_usb.o

.debug_macro    0x00000000    0x29399
 .debug_macro   0x00000000      0x3c8 ./Core/Src/audio_processing.o
 .debug_macro   0x000003c8      0xbb0 ./Core/Src/audio_processing.o
 .debug_macro   0x00000f78      0x2ad ./Core/Src/audio_processing.o
 .debug_macro   0x00001225       0x2e ./Core/Src/audio_processing.o
 .debug_macro   0x00001253       0x28 ./Core/Src/audio_processing.o
 .debug_macro   0x0000127b       0x1c ./Core/Src/audio_processing.o
 .debug_macro   0x00001297       0x22 ./Core/Src/audio_processing.o
 .debug_macro   0x000012b9       0x8e ./Core/Src/audio_processing.o
 .debug_macro   0x00001347       0x51 ./Core/Src/audio_processing.o
 .debug_macro   0x00001398      0x103 ./Core/Src/audio_processing.o
 .debug_macro   0x0000149b       0x6a ./Core/Src/audio_processing.o
 .debug_macro   0x00001505      0x1df ./Core/Src/audio_processing.o
 .debug_macro   0x000016e4       0x1c ./Core/Src/audio_processing.o
 .debug_macro   0x00001700       0x22 ./Core/Src/audio_processing.o
 .debug_macro   0x00001722       0xfb ./Core/Src/audio_processing.o
 .debug_macro   0x0000181d     0x1011 ./Core/Src/audio_processing.o
 .debug_macro   0x0000282e      0x11f ./Core/Src/audio_processing.o
 .debug_macro   0x0000294d    0x17ff1 ./Core/Src/audio_processing.o
 .debug_macro   0x0001a93e       0x6d ./Core/Src/audio_processing.o
 .debug_macro   0x0001a9ab     0x370a ./Core/Src/audio_processing.o
 .debug_macro   0x0001e0b5      0x197 ./Core/Src/audio_processing.o
 .debug_macro   0x0001e24c       0x5c ./Core/Src/audio_processing.o
 .debug_macro   0x0001e2a8      0xcba ./Core/Src/audio_processing.o
 .debug_macro   0x0001ef62      0x9e9 ./Core/Src/audio_processing.o
 .debug_macro   0x0001f94b      0x115 ./Core/Src/audio_processing.o
 .debug_macro   0x0001fa60      0x156 ./Core/Src/audio_processing.o
 .debug_macro   0x0001fbb6       0xa5 ./Core/Src/audio_processing.o
 .debug_macro   0x0001fc5b      0x182 ./Core/Src/audio_processing.o
 .debug_macro   0x0001fddd      0x287 ./Core/Src/audio_processing.o
 .debug_macro   0x00020064       0x5f ./Core/Src/audio_processing.o
 .debug_macro   0x000200c3      0x236 ./Core/Src/audio_processing.o
 .debug_macro   0x000202f9      0xb99 ./Core/Src/audio_processing.o
 .debug_macro   0x00020e92      0x132 ./Core/Src/audio_processing.o
 .debug_macro   0x00020fc4      0x41d ./Core/Src/audio_processing.o
 .debug_macro   0x000213e1       0x2e ./Core/Src/audio_processing.o
 .debug_macro   0x0002140f      0x1a7 ./Core/Src/audio_processing.o
 .debug_macro   0x000215b6       0x46 ./Core/Src/audio_processing.o
 .debug_macro   0x000215fc       0x4a ./Core/Src/audio_processing.o
 .debug_macro   0x00021646      0x127 ./Core/Src/audio_processing.o
 .debug_macro   0x0002176d       0xe2 ./Core/Src/audio_processing.o
 .debug_macro   0x0002184f       0x89 ./Core/Src/audio_processing.o
 .debug_macro   0x000218d8      0x8ed ./Core/Src/audio_processing.o
 .debug_macro   0x000221c5       0x4d ./Core/Src/audio_processing.o
 .debug_macro   0x00022212      0x2aa ./Core/Src/audio_processing.o
 .debug_macro   0x000224bc      0x293 ./Core/Src/audio_processing.o
 .debug_macro   0x0002274f       0xba ./Core/Src/audio_processing.o
 .debug_macro   0x00022809      0x134 ./Core/Src/audio_processing.o
 .debug_macro   0x0002293d      0x136 ./Core/Src/audio_processing.o
 .debug_macro   0x00022a73       0x16 ./Core/Src/audio_processing.o
 .debug_macro   0x00022a89       0x61 ./Core/Src/audio_processing.o
 .debug_macro   0x00022aea       0x2a ./Core/Src/audio_processing.o
 .debug_macro   0x00022b14       0x43 ./Core/Src/audio_processing.o
 .debug_macro   0x00022b57       0x34 ./Core/Src/audio_processing.o
 .debug_macro   0x00022b8b       0x16 ./Core/Src/audio_processing.o
 .debug_macro   0x00022ba1       0x3c ./Core/Src/audio_processing.o
 .debug_macro   0x00022bdd      0x38c ./Core/Src/audio_processing.o
 .debug_macro   0x00022f69       0x10 ./Core/Src/audio_processing.o
 .debug_macro   0x00022f79       0x16 ./Core/Src/audio_processing.o
 .debug_macro   0x00022f8f       0x4a ./Core/Src/audio_processing.o
 .debug_macro   0x00022fd9       0x34 ./Core/Src/audio_processing.o
 .debug_macro   0x0002300d       0x10 ./Core/Src/audio_processing.o
 .debug_macro   0x0002301d       0x58 ./Core/Src/audio_processing.o
 .debug_macro   0x00023075       0x8e ./Core/Src/audio_processing.o
 .debug_macro   0x00023103       0x16 ./Core/Src/audio_processing.o
 .debug_macro   0x00023119      0x185 ./Core/Src/audio_processing.o
 .debug_macro   0x0002329e       0x16 ./Core/Src/audio_processing.o
 .debug_macro   0x000232b4       0x16 ./Core/Src/audio_processing.o
 .debug_macro   0x000232ca      0x138 ./Core/Src/audio_processing.o
 .debug_macro   0x00023402      0x1f2 ./Core/Src/audio_processing.o
 .debug_macro   0x000235f4       0x10 ./Core/Src/audio_processing.o
 .debug_macro   0x00023604      0x409 ./Core/Src/audio_processing.o
 .debug_macro   0x00023a0d       0x18 ./Core/Src/audio_processing.o
 .debug_macro   0x00023a25      0x194 ./Core/Src/audio_processing.o
 .debug_macro   0x00023bb9       0x10 ./Core/Src/audio_processing.o
 .debug_macro   0x00023bc9       0x16 ./Core/Src/audio_processing.o
 .debug_macro   0x00023bdf       0x16 ./Core/Src/audio_processing.o
 .debug_macro   0x00023bf5       0x29 ./Core/Src/audio_processing.o
 .debug_macro   0x00023c1e       0x10 ./Core/Src/audio_processing.o
 .debug_macro   0x00023c2e      0x3c7 ./Core/Src/audio_processing.o
 .debug_macro   0x00023ff5      0x233 ./Core/Src/led_array.o
 .debug_macro   0x00024228      0x31a ./Core/Src/main.o
 .debug_macro   0x00024542      0xad8 ./Core/Src/main.o
 .debug_macro   0x0002501a     0x1011 ./Core/Src/main.o
 .debug_macro   0x0002602b      0x190 ./Core/Src/main.o
 .debug_macro   0x000261bb       0x34 ./Core/Src/main.o
 .debug_macro   0x000261ef      0x370 ./Core/Src/main.o
 .debug_macro   0x0002655f       0x4a ./Core/Src/main.o
 .debug_macro   0x000265a9       0x1c ./Core/Src/main.o
 .debug_macro   0x000265c5       0x10 ./Core/Src/main.o
 .debug_macro   0x000265d5       0x3c ./Core/Src/main.o
 .debug_macro   0x00026611       0x20 ./Core/Src/main.o
 .debug_macro   0x00026631      0x3db ./Core/Src/my_main.o
 .debug_macro   0x00026a0c       0x10 ./Core/Src/my_main.o
 .debug_macro   0x00026a1c      0x224 ./Core/Src/stm32f4xx_hal_msp.o
 .debug_macro   0x00026c40      0x22e ./Core/Src/stm32f4xx_it.o
 .debug_macro   0x00026e6e      0x215 ./Core/Src/system_stm32f4xx.o
 .debug_macro   0x00027083      0x233 ./Core/Src/timer.o
 .debug_macro   0x000272b6      0x23d ./Core/Src/transmit.o
 .debug_macro   0x000274f3      0x275 ./Drivers/STM32F4xx_HAL_Driver/Src/stm32f4xx_hal.o
 .debug_macro   0x00027768      0x215 ./Drivers/STM32F4xx_HAL_Driver/Src/stm32f4xx_hal_cortex.o
 .debug_macro   0x0002797d      0x21b ./Drivers/STM32F4xx_HAL_Driver/Src/stm32f4xx_hal_dma.o
 .debug_macro   0x00027b98      0x2ef ./Drivers/STM32F4xx_HAL_Driver/Src/stm32f4xx_hal_eth.o
 .debug_macro   0x00027e87      0x21b ./Drivers/STM32F4xx_HAL_Driver/Src/stm32f4xx_hal_gpio.o
 .debug_macro   0x000280a2      0x21d ./Drivers/STM32F4xx_HAL_Driver/Src/stm32f4xx_hal_i2s.o
 .debug_macro   0x000282bf      0x215 ./Drivers/STM32F4xx_HAL_Driver/Src/stm32f4xx_hal_i2s_ex.o
 .debug_macro   0x000284d4      0x221 ./Drivers/STM32F4xx_HAL_Driver/Src/stm32f4xx_hal_pcd.o
 .debug_macro   0x000286f5      0x239 ./Drivers/STM32F4xx_HAL_Driver/Src/stm32f4xx_hal_rcc.o
 .debug_macro   0x0002892e      0x215 ./Drivers/STM32F4xx_HAL_Driver/Src/stm32f4xx_hal_rcc_ex.o
 .debug_macro   0x00028b43      0x216 ./Drivers/STM32F4xx_HAL_Driver/Src/stm32f4xx_hal_tim.o
 .debug_macro   0x00028d59      0x215 ./Drivers/STM32F4xx_HAL_Driver/Src/stm32f4xx_hal_tim_ex.o
 .debug_macro   0x00028f6e      0x216 ./Drivers/STM32F4xx_HAL_Driver/Src/stm32f4xx_hal_uart.o
 .debug_macro   0x00029184      0x215 ./Drivers/STM32F4xx_HAL_Driver/Src/stm32f4xx_ll_usb.o

.debug_line     0x00000000    0x1881d
 .debug_line    0x00000000      0xcff ./Core/Src/audio_processing.o
 .debug_line    0x00000cff      0x758 ./Core/Src/led_array.o
 .debug_line    0x00001457      0xb56 ./Core/Src/main.o
 .debug_line    0x00001fad      0xc36 ./Core/Src/my_main.o
 .debug_line    0x00002be3      0x925 ./Core/Src/stm32f4xx_hal_msp.o
 .debug_line    0x00003508      0x7f9 ./Core/Src/stm32f4xx_it.o
 .debug_line    0x00003d01      0x790 ./Core/Src/system_stm32f4xx.o
 .debug_line    0x00004491      0x727 ./Core/Src/timer.o
 .debug_line    0x00004bb8      0x789 ./Core/Src/transmit.o
 .debug_line    0x00005341       0x7a ./Core/Startup/startup_stm32f429zitx.o
 .debug_line    0x000053bb      0xa42 ./Drivers/STM32F4xx_HAL_Driver/Src/stm32f4xx_hal.o
 .debug_line    0x00005dfd      0xcdc ./Drivers/STM32F4xx_HAL_Driver/Src/stm32f4xx_hal_cortex.o
 .debug_line    0x00006ad9      0xf78 ./Drivers/STM32F4xx_HAL_Driver/Src/stm32f4xx_hal_dma.o
 .debug_line    0x00007a51     0x1a21 ./Drivers/STM32F4xx_HAL_Driver/Src/stm32f4xx_hal_eth.o
 .debug_line    0x00009472      0xb8c ./Drivers/STM32F4xx_HAL_Driver/Src/stm32f4xx_hal_gpio.o
 .debug_line    0x00009ffe     0x1364 ./Drivers/STM32F4xx_HAL_Driver/Src/stm32f4xx_hal_i2s.o
 .debug_line    0x0000b362     0x1264 ./Drivers/STM32F4xx_HAL_Driver/Src/stm32f4xx_hal_i2s_ex.o
 .debug_line    0x0000c5c6     0x1457 ./Drivers/STM32F4xx_HAL_Driver/Src/stm32f4xx_hal_pcd.o
 .debug_line    0x0000da1d      0xe1b ./Drivers/STM32F4xx_HAL_Driver/Src/stm32f4xx_hal_rcc.o
 .debug_line    0x0000e838      0xc64 ./Drivers/STM32F4xx_HAL_Driver/Src/stm32f4xx_hal_rcc_ex.o
 .debug_line    0x0000f49c     0x3781 ./Drivers/STM32F4xx_HAL_Driver/Src/stm32f4xx_hal_tim.o
 .debug_line    0x00012c1d     0x196c ./Drivers/STM32F4xx_HAL_Driver/Src/stm32f4xx_hal_tim_ex.o
 .debug_line    0x00014589     0x2554 ./Drivers/STM32F4xx_HAL_Driver/Src/stm32f4xx_hal_uart.o
 .debug_line    0x00016add     0x1d40 ./Drivers/STM32F4xx_HAL_Driver/Src/stm32f4xx_ll_usb.o

.debug_str      0x00000000    0xe754e
 .debug_str     0x00000000    0xe754e ./Core/Src/audio_processing.o
                              0xe0d26 (size before relaxing)
 .debug_str     0x000e754e    0xda72d ./Core/Src/led_array.o
 .debug_str     0x000e754e    0xdf0c5 ./Core/Src/main.o
 .debug_str     0x000e754e    0xe0f2f ./Core/Src/my_main.o
 .debug_str     0x000e754e    0xdb63d ./Core/Src/stm32f4xx_hal_msp.o
 .debug_str     0x000e754e    0xda45f ./Core/Src/stm32f4xx_it.o
 .debug_str     0x000e754e    0xd9ddf ./Core/Src/system_stm32f4xx.o
 .debug_str     0x000e754e    0xdab9b ./Core/Src/timer.o
 .debug_str     0x000e754e    0xda66f ./Core/Src/transmit.o
 .debug_str     0x000e754e       0x79 ./Core/Startup/startup_stm32f429zitx.o
 .debug_str     0x000e754e    0xdaa02 ./Drivers/STM32F4xx_HAL_Driver/Src/stm32f4xx_hal.o
 .debug_str     0x000e754e    0xda730 ./Drivers/STM32F4xx_HAL_Driver/Src/stm32f4xx_hal_cortex.o
 .debug_str     0x000e754e    0xda1e6 ./Drivers/STM32F4xx_HAL_Driver/Src/stm32f4xx_hal_dma.o
 .debug_str     0x000e754e    0xdb6db ./Drivers/STM32F4xx_HAL_Driver/Src/stm32f4xx_hal_eth.o
 .debug_str     0x000e754e    0xd9f5a ./Drivers/STM32F4xx_HAL_Driver/Src/stm32f4xx_hal_gpio.o
 .debug_str     0x000e754e    0xda3bd ./Drivers/STM32F4xx_HAL_Driver/Src/stm32f4xx_hal_i2s.o
 .debug_str     0x000e754e    0xda2bf ./Drivers/STM32F4xx_HAL_Driver/Src/stm32f4xx_hal_i2s_ex.o
 .debug_str     0x000e754e    0xda8aa ./Drivers/STM32F4xx_HAL_Driver/Src/stm32f4xx_hal_pcd.o
 .debug_str     0x000e754e    0xda213 ./Drivers/STM32F4xx_HAL_Driver/Src/stm32f4xx_hal_rcc.o
 .debug_str     0x000e754e    0xd9fda ./Drivers/STM32F4xx_HAL_Driver/Src/stm32f4xx_hal_rcc_ex.o
 .debug_str     0x000e754e    0xdb156 ./Drivers/STM32F4xx_HAL_Driver/Src/stm32f4xx_hal_tim.o
 .debug_str     0x000e754e    0xda962 ./Drivers/STM32F4xx_HAL_Driver/Src/stm32f4xx_hal_tim_ex.o
 .debug_str     0x000e754e    0xda7e1 ./Drivers/STM32F4xx_HAL_Driver/Src/stm32f4xx_hal_uart.o
 .debug_str     0x000e754e    0xda785 ./Drivers/STM32F4xx_HAL_Driver/Src/stm32f4xx_ll_usb.o

.comment        0x00000000       0x43
 .comment       0x00000000       0x43 ./Core/Src/audio_processing.o
                                 0x44 (size before relaxing)
 .comment       0x00000043       0x44 ./Core/Src/led_array.o
 .comment       0x00000043       0x44 ./Core/Src/main.o
 .comment       0x00000043       0x44 ./Core/Src/my_main.o
 .comment       0x00000043       0x44 ./Core/Src/stm32f4xx_hal_msp.o
 .comment       0x00000043       0x44 ./Core/Src/stm32f4xx_it.o
 .comment       0x00000043       0x44 ./Core/Src/system_stm32f4xx.o
 .comment       0x00000043       0x44 ./Core/Src/timer.o
 .comment       0x00000043       0x44 ./Core/Src/transmit.o
 .comment       0x00000043       0x44 ./Drivers/STM32F4xx_HAL_Driver/Src/stm32f4xx_hal.o
 .comment       0x00000043       0x44 ./Drivers/STM32F4xx_HAL_Driver/Src/stm32f4xx_hal_cortex.o
 .comment       0x00000043       0x44 ./Drivers/STM32F4xx_HAL_Driver/Src/stm32f4xx_hal_dma.o
 .comment       0x00000043       0x44 ./Drivers/STM32F4xx_HAL_Driver/Src/stm32f4xx_hal_eth.o
 .comment       0x00000043       0x44 ./Drivers/STM32F4xx_HAL_Driver/Src/stm32f4xx_hal_gpio.o
 .comment       0x00000043       0x44 ./Drivers/STM32F4xx_HAL_Driver/Src/stm32f4xx_hal_i2s.o
 .comment       0x00000043       0x44 ./Drivers/STM32F4xx_HAL_Driver/Src/stm32f4xx_hal_i2s_ex.o
 .comment       0x00000043       0x44 ./Drivers/STM32F4xx_HAL_Driver/Src/stm32f4xx_hal_pcd.o
 .comment       0x00000043       0x44 ./Drivers/STM32F4xx_HAL_Driver/Src/stm32f4xx_hal_rcc.o
 .comment       0x00000043       0x44 ./Drivers/STM32F4xx_HAL_Driver/Src/stm32f4xx_hal_rcc_ex.o
 .comment       0x00000043       0x44 ./Drivers/STM32F4xx_HAL_Driver/Src/stm32f4xx_hal_tim.o
 .comment       0x00000043       0x44 ./Drivers/STM32F4xx_HAL_Driver/Src/stm32f4xx_hal_tim_ex.o
 .comment       0x00000043       0x44 ./Drivers/STM32F4xx_HAL_Driver/Src/stm32f4xx_hal_uart.o
 .comment       0x00000043       0x44 ./Drivers/STM32F4xx_HAL_Driver/Src/stm32f4xx_ll_usb.o

.debug_frame    0x00000000     0x54bc
 .debug_frame   0x00000000       0xa0 ./Core/Src/audio_processing.o
 .debug_frame   0x000000a0       0x34 ./Core/Src/led_array.o
 .debug_frame   0x000000d4      0x170 ./Core/Src/main.o
 .debug_frame   0x00000244       0x50 ./Core/Src/my_main.o
 .debug_frame   0x00000294      0x1a8 ./Core/Src/stm32f4xx_hal_msp.o
 .debug_frame   0x0000043c      0x13c ./Core/Src/stm32f4xx_it.o
 .debug_frame   0x00000578       0x58 ./Core/Src/system_stm32f4xx.o
 .debug_frame   0x000005d0       0x38 ./Core/Src/timer.o
 .debug_frame   0x00000608       0x58 ./Core/Src/transmit.o
 .debug_frame   0x00000660      0x3b4 ./Drivers/STM32F4xx_HAL_Driver/Src/stm32f4xx_hal.o
 .debug_frame   0x00000a14      0x508 ./Drivers/STM32F4xx_HAL_Driver/Src/stm32f4xx_hal_cortex.o
 .debug_frame   0x00000f1c      0x250 ./Drivers/STM32F4xx_HAL_Driver/Src/stm32f4xx_hal_dma.o
 .debug_frame   0x0000116c      0x8c0 ./Drivers/STM32F4xx_HAL_Driver/Src/stm32f4xx_hal_eth.o
 .debug_frame   0x00001a2c      0x14c ./Drivers/STM32F4xx_HAL_Driver/Src/stm32f4xx_hal_gpio.o
 .debug_frame   0x00001b78      0x484 ./Drivers/STM32F4xx_HAL_Driver/Src/stm32f4xx_hal_i2s.o
 .debug_frame   0x00001ffc      0x220 ./Drivers/STM32F4xx_HAL_Driver/Src/stm32f4xx_hal_i2s_ex.o
 .debug_frame   0x0000221c      0x5b8 ./Drivers/STM32F4xx_HAL_Driver/Src/stm32f4xx_hal_pcd.o
 .debug_frame   0x000027d4      0x1f4 ./Drivers/STM32F4xx_HAL_Driver/Src/stm32f4xx_hal_rcc.o
 .debug_frame   0x000029c8      0x13c ./Drivers/STM32F4xx_HAL_Driver/Src/stm32f4xx_hal_rcc_ex.o
 .debug_frame   0x00002b04     0x11c0 ./Drivers/STM32F4xx_HAL_Driver/Src/stm32f4xx_hal_tim.o
 .debug_frame   0x00003cc4      0x638 ./Drivers/STM32F4xx_HAL_Driver/Src/stm32f4xx_hal_tim_ex.o
 .debug_frame   0x000042fc      0x954 ./Drivers/STM32F4xx_HAL_Driver/Src/stm32f4xx_hal_uart.o
 .debug_frame   0x00004c50      0x7c0 ./Drivers/STM32F4xx_HAL_Driver/Src/stm32f4xx_ll_usb.o
 .debug_frame   0x00005410       0x20 /opt/st/stm32cubeide_1.19.0/plugins/com.st.stm32cube.ide.mcu.externaltools.gnu-tools-for-stm32.13.3.rel1.linux64_1.0.0.202410170706/tools/bin/../lib/gcc/arm-none-eabi/13.3.1/../../../../arm-none-eabi/lib/thumb/v7e-m+fp/hard/libc_nano.a(libc_a-memset.o)
 .debug_frame   0x00005430       0x2c /opt/st/stm32cubeide_1.19.0/plugins/com.st.stm32cube.ide.mcu.externaltools.gnu-tools-for-stm32.13.3.rel1.linux64_1.0.0.202410170706/tools/bin/../lib/gcc/arm-none-eabi/13.3.1/../../../../arm-none-eabi/lib/thumb/v7e-m+fp/hard/libc_nano.a(libc_a-init.o)
 .debug_frame   0x0000545c       0x2c /opt/st/stm32cubeide_1.19.0/plugins/com.st.stm32cube.ide.mcu.externaltools.gnu-tools-for-stm32.13.3.rel1.linux64_1.0.0.202410170706/tools/bin/../lib/gcc/arm-none-eabi/13.3.1/thumb/v7e-m+fp/hard/libgcc.a(_aeabi_uldivmod.o)
 .debug_frame   0x00005488       0x34 /opt/st/stm32cubeide_1.19.0/plugins/com.st.stm32cube.ide.mcu.externaltools.gnu-tools-for-stm32.13.3.rel1.linux64_1.0.0.202410170706/tools/bin/../lib/gcc/arm-none-eabi/13.3.1/thumb/v7e-m+fp/hard/libgcc.a(_udivmoddi4.o)

.debug_line_str
                0x00000000       0x5d
 .debug_line_str
                0x00000000       0x5d ./Core/Startup/startup_stm32f429zitx.o
