../Core/Src/main.c:95:5:main	16	static
../Core/Src/main.c:180:6:SystemClock_Config	88	static
../Core/Src/main.c:225:6:PeriphCommonClock_Config	56	static
../Core/Src/main.c:245:13:MX_ETH_Init	8	static
../Core/Src/main.c:294:13:MX_I2S2_Init	8	static
../Core/Src/main.c:328:13:MX_I2S3_Init	8	static
../Core/Src/main.c:362:13:MX_TIM4_Init	32	static
../Core/Src/main.c:407:13:MX_USART3_UART_Init	8	static
../Core/Src/main.c:440:13:MX_USB_OTG_FS_PCD_Init	8	static
../Core/Src/main.c:473:13:MX_DMA_Init	16	static
../Core/Src/main.c:494:13:MX_GPIO_Init	64	static
../Core/Src/main.c:586:1:HAL_GPIO_EXTI_Callback	16	static
../Core/Src/main.c:603:6:Error_Handler	4	static,ignoring_inline_asm
