../Core/Src/main.c:91:5:main	16	static
../Core/Src/main.c:172:6:SystemClock_Config	88	static
../Core/Src/main.c:218:13:MX_ETH_Init	8	static
../Core/Src/main.c:267:13:MX_I2S3_Init	8	static
../Core/Src/main.c:301:13:MX_TIM4_Init	32	static
../Core/Src/main.c:346:13:MX_USART3_UART_Init	8	static
../Core/Src/main.c:379:13:MX_USB_OTG_FS_PCD_Init	8	static
../Core/Src/main.c:412:13:MX_DMA_Init	16	static
../Core/Src/main.c:430:13:MX_GPIO_Init	64	static
../Core/Src/main.c:522:1:HAL_GPIO_EXTI_Callback	16	static
../Core/Src/main.c:539:6:Error_Handler	4	static,ignoring_inline_asm
